Archive member included to satisfy reference by file (symbol)

/opt/Atollic_TrueSTUDIO_for_STM32_x86_64_9.3.0/ARMTools/bin/../lib/gcc/arm-atollic-eabi/6.3.1/../../../../arm-atollic-eabi/lib/armv6-m/libc_nano.a(lib_a-init.o)
                              src/startup_stm32f0xx.o (__libc_init_array)
/opt/Atollic_TrueSTUDIO_for_STM32_x86_64_9.3.0/ARMTools/bin/../lib/gcc/arm-atollic-eabi/6.3.1/../../../../arm-atollic-eabi/lib/armv6-m/libc_nano.a(lib_a-reent.o)
                              src/syscalls.o (errno)
/opt/Atollic_TrueSTUDIO_for_STM32_x86_64_9.3.0/ARMTools/bin/../lib/gcc/arm-atollic-eabi/6.3.1/../../../../arm-atollic-eabi/lib/armv6-m/libc_nano.a(lib_a-impure.o)
                              /opt/Atollic_TrueSTUDIO_for_STM32_x86_64_9.3.0/ARMTools/bin/../lib/gcc/arm-atollic-eabi/6.3.1/../../../../arm-atollic-eabi/lib/armv6-m/libc_nano.a(lib_a-reent.o) (_impure_ptr)
/opt/Atollic_TrueSTUDIO_for_STM32_x86_64_9.3.0/ARMTools/bin/../lib/gcc/arm-atollic-eabi/6.3.1/../../../../arm-atollic-eabi/lib/armv6-m/libc_nano.a(lib_a-nano-freer.o)
                              /opt/Atollic_TrueSTUDIO_for_STM32_x86_64_9.3.0/ARMTools/bin/../lib/gcc/arm-atollic-eabi/6.3.1/../../../../arm-atollic-eabi/lib/armv6-m/libc_nano.a(lib_a-reent.o) (_free_r)
/opt/Atollic_TrueSTUDIO_for_STM32_x86_64_9.3.0/ARMTools/bin/../lib/gcc/arm-atollic-eabi/6.3.1/../../../../arm-atollic-eabi/lib/armv6-m/libc_nano.a(lib_a-nano-mallocr.o)
                              /opt/Atollic_TrueSTUDIO_for_STM32_x86_64_9.3.0/ARMTools/bin/../lib/gcc/arm-atollic-eabi/6.3.1/../../../../arm-atollic-eabi/lib/armv6-m/libc_nano.a(lib_a-nano-freer.o) (__malloc_free_list)
/opt/Atollic_TrueSTUDIO_for_STM32_x86_64_9.3.0/ARMTools/bin/../lib/gcc/arm-atollic-eabi/6.3.1/../../../../arm-atollic-eabi/lib/armv6-m/libc_nano.a(lib_a-sbrkr.o)
                              /opt/Atollic_TrueSTUDIO_for_STM32_x86_64_9.3.0/ARMTools/bin/../lib/gcc/arm-atollic-eabi/6.3.1/../../../../arm-atollic-eabi/lib/armv6-m/libc_nano.a(lib_a-nano-mallocr.o) (_sbrk_r)
/opt/Atollic_TrueSTUDIO_for_STM32_x86_64_9.3.0/ARMTools/bin/../lib/gcc/arm-atollic-eabi/6.3.1/../../../../arm-atollic-eabi/lib/armv6-m/libc_nano.a(lib_a-mlock.o)
                              /opt/Atollic_TrueSTUDIO_for_STM32_x86_64_9.3.0/ARMTools/bin/../lib/gcc/arm-atollic-eabi/6.3.1/../../../../arm-atollic-eabi/lib/armv6-m/libc_nano.a(lib_a-nano-freer.o) (__malloc_lock)
/opt/Atollic_TrueSTUDIO_for_STM32_x86_64_9.3.0/ARMTools/bin/../lib/gcc/arm-atollic-eabi/6.3.1/armv6-m/libgcc.a(_udivsi3.o)
                              Libraries/STM32F0xx_StdPeriph_Driver/src/stm32f0xx_rcc.o (__aeabi_uidiv)
/opt/Atollic_TrueSTUDIO_for_STM32_x86_64_9.3.0/ARMTools/bin/../lib/gcc/arm-atollic-eabi/6.3.1/armv6-m/libgcc.a(_divsi3.o)
                              src/tiny_printf.o (__aeabi_idiv)
/opt/Atollic_TrueSTUDIO_for_STM32_x86_64_9.3.0/ARMTools/bin/../lib/gcc/arm-atollic-eabi/6.3.1/armv6-m/libgcc.a(_dvmd_tls.o)
                              /opt/Atollic_TrueSTUDIO_for_STM32_x86_64_9.3.0/ARMTools/bin/../lib/gcc/arm-atollic-eabi/6.3.1/armv6-m/libgcc.a(_udivsi3.o) (__aeabi_idiv0)

Allocating common symbols
Common symbol       size              file

errno               0x4               /opt/Atollic_TrueSTUDIO_for_STM32_x86_64_9.3.0/ARMTools/bin/../lib/gcc/arm-atollic-eabi/6.3.1/../../../../arm-atollic-eabi/lib/armv6-m/libc_nano.a(lib_a-reent.o)
GPIO_InitStructure  0x8               src/main.o

Discarded input sections

 .text          0x0000000000000000        0x0 /opt/Atollic_TrueSTUDIO_for_STM32_x86_64_9.3.0/ARMTools/bin/../lib/gcc/arm-atollic-eabi/6.3.1/armv6-m/crti.o
 .data          0x0000000000000000        0x0 /opt/Atollic_TrueSTUDIO_for_STM32_x86_64_9.3.0/ARMTools/bin/../lib/gcc/arm-atollic-eabi/6.3.1/armv6-m/crti.o
 .bss           0x0000000000000000        0x0 /opt/Atollic_TrueSTUDIO_for_STM32_x86_64_9.3.0/ARMTools/bin/../lib/gcc/arm-atollic-eabi/6.3.1/armv6-m/crti.o
 .data          0x0000000000000000        0x4 /opt/Atollic_TrueSTUDIO_for_STM32_x86_64_9.3.0/ARMTools/bin/../lib/gcc/arm-atollic-eabi/6.3.1/armv6-m/crtbegin.o
 .text          0x0000000000000000        0x0 Libraries/STM32F0xx_StdPeriph_Driver/src/stm32f0xx_adc.o
 .data          0x0000000000000000        0x0 Libraries/STM32F0xx_StdPeriph_Driver/src/stm32f0xx_adc.o
 .bss           0x0000000000000000        0x0 Libraries/STM32F0xx_StdPeriph_Driver/src/stm32f0xx_adc.o
 .text.ADC_DeInit
                0x0000000000000000       0x34 Libraries/STM32F0xx_StdPeriph_Driver/src/stm32f0xx_adc.o
 .text.ADC_Init
                0x0000000000000000       0x58 Libraries/STM32F0xx_StdPeriph_Driver/src/stm32f0xx_adc.o
 .text.ADC_StructInit
                0x0000000000000000       0x34 Libraries/STM32F0xx_StdPeriph_Driver/src/stm32f0xx_adc.o
 .text.ADC_Cmd  0x0000000000000000       0x38 Libraries/STM32F0xx_StdPeriph_Driver/src/stm32f0xx_adc.o
 .text.ADC_JitterCmd
                0x0000000000000000       0x3a Libraries/STM32F0xx_StdPeriph_Driver/src/stm32f0xx_adc.o
 .text.ADC_AutoPowerOffCmd
[...]
Memory Configuration

Name             Origin             Length             Attributes
FLASH            0x0000000008000000 0x0000000000010000 xr
RAM              0x0000000020000000 0x0000000000002000 xrw
MEMORY_B1        0x0000000060000000 0x0000000000000000 xr
*default*        0x0000000000000000 0xffffffffffffffff

Linker script and memory map

LOAD /opt/Atollic_TrueSTUDIO_for_STM32_x86_64_9.3.0/ARMTools/bin/../lib/gcc/arm-atollic-eabi/6.3.1/armv6-m/crti.o
LOAD /opt/Atollic_TrueSTUDIO_for_STM32_x86_64_9.3.0/ARMTools/bin/../lib/gcc/arm-atollic-eabi/6.3.1/armv6-m/crtbegin.o
LOAD Libraries/STM32F0xx_StdPeriph_Driver/src/stm32f0xx_adc.o
LOAD Libraries/STM32F0xx_StdPeriph_Driver/src/stm32f0xx_cec.o
LOAD Libraries/STM32F0xx_StdPeriph_Driver/src/stm32f0xx_comp.o
LOAD Libraries/STM32F0xx_StdPeriph_Driver/src/stm32f0xx_crc.o
LOAD Libraries/STM32F0xx_StdPeriph_Driver/src/stm32f0xx_dac.o
LOAD Libraries/STM32F0xx_StdPeriph_Driver/src/stm32f0xx_dbgmcu.o
LOAD Libraries/STM32F0xx_StdPeriph_Driver/src/stm32f0xx_dma.o
LOAD Libraries/STM32F0xx_StdPeriph_Driver/src/stm32f0xx_exti.o
LOAD Libraries/STM32F0xx_StdPeriph_Driver/src/stm32f0xx_flash.o
LOAD Libraries/STM32F0xx_StdPeriph_Driver/src/stm32f0xx_gpio.o
LOAD Libraries/STM32F0xx_StdPeriph_Driver/src/stm32f0xx_i2c.o
LOAD Libraries/STM32F0xx_StdPeriph_Driver/src/stm32f0xx_iwdg.o
LOAD Libraries/STM32F0xx_StdPeriph_Driver/src/stm32f0xx_misc.o
LOAD Libraries/STM32F0xx_StdPeriph_Driver/src/stm32f0xx_pwr.o
LOAD Libraries/STM32F0xx_StdPeriph_Driver/src/stm32f0xx_rcc.o
LOAD Libraries/STM32F0xx_StdPeriph_Driver/src/stm32f0xx_rtc.o
LOAD Libraries/STM32F0xx_StdPeriph_Driver/src/stm32f0xx_spi.o
LOAD Libraries/STM32F0xx_StdPeriph_Driver/src/stm32f0xx_syscfg.o
LOAD Libraries/STM32F0xx_StdPeriph_Driver/src/stm32f0xx_tim.o
LOAD Libraries/STM32F0xx_StdPeriph_Driver/src/stm32f0xx_usart.o
LOAD Libraries/STM32F0xx_StdPeriph_Driver/src/stm32f0xx_wwdg.o
LOAD Utilities/STM32F0-Discovery/stm32f0_discovery.o
LOAD src/main.o
LOAD src/startup_stm32f0xx.o
LOAD src/stm32f0xx_it.o
LOAD src/syscalls.o
LOAD src/system_stm32f0xx.o
LOAD src/tiny_printf.o
LOAD /opt/Atollic_TrueSTUDIO_for_STM32_x86_64_9.3.0/ARMTools/bin/../lib/gcc/arm-atollic-eabi/6.3.1/../../../../arm-atollic-eabi/lib/armv6-m/libm.a
                0x0000000000000080                malloc_getpagesize_P = 0x80
START GROUP
LOAD /opt/Atollic_TrueSTUDIO_for_STM32_x86_64_9.3.0/ARMTools/bin/../lib/gcc/arm-atollic-eabi/6.3.1/../../../../arm-atollic-eabi/lib/armv6-m/libc_nano.a
LOAD /opt/Atollic_TrueSTUDIO_for_STM32_x86_64_9.3.0/ARMTools/bin/../lib/gcc/arm-atollic-eabi/6.3.1/../../../../arm-atollic-eabi/lib/armv6-m/libm.a
END GROUP
START GROUP
LOAD /opt/Atollic_TrueSTUDIO_for_STM32_x86_64_9.3.0/ARMTools/bin/../lib/gcc/arm-atollic-eabi/6.3.1/armv6-m/libgcc.a
LOAD /opt/Atollic_TrueSTUDIO_for_STM32_x86_64_9.3.0/ARMTools/bin/../lib/gcc/arm-atollic-eabi/6.3.1/../../../../arm-atollic-eabi/lib/armv6-m/libc_nano.a
END GROUP
START GROUP
LOAD /opt/Atollic_TrueSTUDIO_for_STM32_x86_64_9.3.0/ARMTools/bin/../lib/gcc/arm-atollic-eabi/6.3.1/armv6-m/libgcc.a
LOAD /opt/Atollic_TrueSTUDIO_for_STM32_x86_64_9.3.0/ARMTools/bin/../lib/gcc/arm-atollic-eabi/6.3.1/../../../../arm-atollic-eabi/lib/armv6-m/libc_nano.a
LOAD /opt/Atollic_TrueSTUDIO_for_STM32_x86_64_9.3.0/ARMTools/bin/../lib/gcc/arm-atollic-eabi/6.3.1/../../../../arm-atollic-eabi/lib/armv6-m/libnosys.a
END GROUP
START GROUP
LOAD /opt/Atollic_TrueSTUDIO_for_STM32_x86_64_9.3.0/ARMTools/bin/../lib/gcc/arm-atollic-eabi/6.3.1/armv6-m/libgcc.a
LOAD /opt/Atollic_TrueSTUDIO_for_STM32_x86_64_9.3.0/ARMTools/bin/../lib/gcc/arm-atollic-eabi/6.3.1/../../../../arm-atollic-eabi/lib/armv6-m/libc_nano.a
LOAD /opt/Atollic_TrueSTUDIO_for_STM32_x86_64_9.3.0/ARMTools/bin/../lib/gcc/arm-atollic-eabi/6.3.1/../../../../arm-atollic-eabi/lib/armv6-m/libnosys.a
END GROUP
LOAD /opt/Atollic_TrueSTUDIO_for_STM32_x86_64_9.3.0/ARMTools/bin/../lib/gcc/arm-atollic-eabi/6.3.1/armv6-m/crtend.o
LOAD /opt/Atollic_TrueSTUDIO_for_STM32_x86_64_9.3.0/ARMTools/bin/../lib/gcc/arm-atollic-eabi/6.3.1/armv6-m/crtn.o
                0x0000000020002000                _estack = 0x20002000
                0x0000000000000000                _Min_Heap_Size = 0x0
                0x0000000000000080                _Min_Stack_Size = 0x80

.isr_vector     0x0000000008000000       0xc4
                0x0000000008000000                . = ALIGN (0x4)
 *(.isr_vector)
 .isr_vector    0x0000000008000000       0xc4 src/startup_stm32f0xx.o
                0x0000000008000000                g_pfnVectors
                0x00000000080000c4                . = ALIGN (0x4)

.text           0x00000000080000c4      0x778
                0x00000000080000c4                . = ALIGN (0x4)
 *(.text)
 .text          0x00000000080000c4       0x48 /opt/Atollic_TrueSTUDIO_for_STM32_x86_64_9.3.0/ARMTools/bin/../lib/gcc/arm-atollic-eabi/6.3.1/armv6-m/crtbegin.o
 *(.text*)
 .text.GPIO_Init
                0x000000000800010c      0x126 Libraries/STM32F0xx_StdPeriph_Driver/src/stm32f0xx_gpio.o
                0x000000000800010c                GPIO_Init
 .text.GPIO_ReadInputDataBit
                0x0000000008000232       0x48 Libraries/STM32F0xx_StdPeriph_Driver/src/stm32f0xx_gpio.o
                0x0000000008000232                GPIO_ReadInputDataBit
 .text.GPIO_WriteBit
                0x000000000800027a       0x3a Libraries/STM32F0xx_StdPeriph_Driver/src/stm32f0xx_gpio.o
                0x000000000800027a                GPIO_WriteBit
 .text.RCC_AHBPeriphClockCmd
                0x00000000080002b4       0x40 Libraries/STM32F0xx_StdPeriph_Driver/src/stm32f0xx_rcc.o
                0x00000000080002b4                RCC_AHBPeriphClockCmd
 .text.main     0x00000000080002f4      0x328 src/main.o
                0x00000000080002f4                main
 .text.Reset_Handler
                0x000000000800061c       0x50 src/startup_stm32f0xx.o
                0x000000000800061c                Reset_Handler
 .text.Default_Handler
                0x000000000800066c        0x2 src/startup_stm32f0xx.o
                0x000000000800066c                TIM1_CC_IRQHandler
                0x000000000800066c                ADC1_COMP_IRQHandler
                0x000000000800066c                PVD_IRQHandler
                0x000000000800066c                I2C1_IRQHandler
                0x000000000800066c                SPI1_IRQHandler
                0x000000000800066c                TIM6_DAC_IRQHandler
                0x000000000800066c                EXTI2_3_IRQHandler
                0x000000000800066c                I2C2_IRQHandler
                0x000000000800066c                TIM17_IRQHandler
                0x000000000800066c                RTC_IRQHandler
                0x000000000800066c                TIM16_IRQHandler
                0x000000000800066c                TIM3_IRQHandler
                0x000000000800066c                EXTI4_15_IRQHandler
                0x000000000800066c                RCC_IRQHandler
                0x000000000800066c                DMA1_Channel1_IRQHandler
                0x000000000800066c                Default_Handler
                0x000000000800066c                CEC_IRQHandler
                0x000000000800066c                TIM14_IRQHandler
                0x000000000800066c                DMA1_Channel4_5_IRQHandler
                0x000000000800066c                TIM15_IRQHandler
                0x000000000800066c                EXTI0_1_IRQHandler
                0x000000000800066c                SPI2_IRQHandler
                0x000000000800066c                TS_IRQHandler
                0x000000000800066c                WWDG_IRQHandler
                0x000000000800066c                TIM2_IRQHandler
                0x000000000800066c                DMA1_Channel2_3_IRQHandler
                0x000000000800066c                USART2_IRQHandler
                0x000000000800066c                FLASH_IRQHandler
                0x000000000800066c                USART1_IRQHandler
                0x000000000800066c                TIM1_BRK_UP_TRG_COM_IRQHandler
 .text.NMI_Handler
                0x000000000800066e        0xa src/stm32f0xx_it.o
                0x000000000800066e                NMI_Handler
 .text.HardFault_Handler
                0x0000000008000678        0x6 src/stm32f0xx_it.o
                0x0000000008000678                HardFault_Handler
 .text.SVC_Handler
                0x000000000800067e        0xa src/stm32f0xx_it.o
                0x000000000800067e                SVC_Handler
 .text.PendSV_Handler
                0x0000000008000688        0xa src/stm32f0xx_it.o
                0x0000000008000688                PendSV_Handler
 .text.SysTick_Handler
                0x0000000008000692        0xa src/stm32f0xx_it.o
                0x0000000008000692                SysTick_Handler
 .text.SystemInit
                0x000000000800069c       0x8c src/system_stm32f0xx.o
                0x000000000800069c                SystemInit
 .text.SetSysClock
                0x0000000008000728       0x94 src/system_stm32f0xx.o
 .text.__libc_init_array
                0x00000000080007bc       0x48 /opt/Atollic_TrueSTUDIO_for_STM32_x86_64_9.3.0/ARMTools/bin/../lib/gcc/arm-atollic-eabi/6.3.1/../../../../arm-atollic-eabi/lib/armv6-m/libc_nano.a(lib_a-init.o)
                0x00000000080007bc                __libc_init_array
 *(.rodata)
 *(.rodata*)
 .rodata.main   0x0000000008000804       0x20 src/main.o
 *(.glue_7)
 .glue_7        0x0000000008000824        0x0 linker stubs
 *(.glue_7t)
 .glue_7t       0x0000000008000824        0x0 linker stubs
 *(.eh_frame)
 .eh_frame      0x0000000008000824        0x0 /opt/Atollic_TrueSTUDIO_for_STM32_x86_64_9.3.0/ARMTools/bin/../lib/gcc/arm-atollic-eabi/6.3.1/armv6-m/crtbegin.o
 *(.init)
 .init          0x0000000008000824        0x4 /opt/Atollic_TrueSTUDIO_for_STM32_x86_64_9.3.0/ARMTools/bin/../lib/gcc/arm-atollic-eabi/6.3.1/armv6-m/crti.o
                0x0000000008000824                _init
 .init          0x0000000008000828        0x8 /opt/Atollic_TrueSTUDIO_for_STM32_x86_64_9.3.0/ARMTools/bin/../lib/gcc/arm-atollic-eabi/6.3.1/armv6-m/crtn.o
 *(.fini)
 .fini          0x0000000008000830        0x4 /opt/Atollic_TrueSTUDIO_for_STM32_x86_64_9.3.0/ARMTools/bin/../lib/gcc/arm-atollic-eabi/6.3.1/armv6-m/crti.o
                0x0000000008000830                _fini
 .fini          0x0000000008000834        0x8 /opt/Atollic_TrueSTUDIO_for_STM32_x86_64_9.3.0/ARMTools/bin/../lib/gcc/arm-atollic-eabi/6.3.1/armv6-m/crtn.o
                0x000000000800083c                . = ALIGN (0x4)
                0x000000000800083c                _etext = .

.vfp11_veneer   0x000000000800083c        0x0
 .vfp11_veneer  0x000000000800083c        0x0 linker stubs

.v4_bx          0x000000000800083c        0x0
 .v4_bx         0x000000000800083c        0x0 linker stubs

.iplt           0x000000000800083c        0x0
 .iplt          0x000000000800083c        0x0 /opt/Atollic_TrueSTUDIO_for_STM32_x86_64_9.3.0/ARMTools/bin/../lib/gcc/arm-atollic-eabi/6.3.1/armv6-m/crtbegin.o

.rel.dyn        0x000000000800083c        0x0
 .rel.iplt      0x000000000800083c        0x0 /opt/Atollic_TrueSTUDIO_for_STM32_x86_64_9.3.0/ARMTools/bin/../lib/gcc/arm-atollic-eabi/6.3.1/armv6-m/crtbegin.o

.ARM.extab
 *(.ARM.extab* .gnu.linkonce.armextab.*)

.ARM            0x000000000800083c        0x0
                0x000000000800083c                __exidx_start = .
 *(.ARM.exidx*)
                0x000000000800083c                __exidx_end = .

.preinit_array  0x000000000800083c        0x0
                0x000000000800083c                PROVIDE (__preinit_array_start, .)
 *(.preinit_array*)
                0x000000000800083c                PROVIDE (__preinit_array_end, .)

.init_array     0x000000000800083c        0x4
                0x000000000800083c                PROVIDE (__init_array_start, .)
 *(SORT(.init_array.*))
 *(.init_array*)
 .init_array    0x000000000800083c        0x4 /opt/Atollic_TrueSTUDIO_for_STM32_x86_64_9.3.0/ARMTools/bin/../lib/gcc/arm-atollic-eabi/6.3.1/armv6-m/crtbegin.o
                0x0000000008000840                PROVIDE (__init_array_end, .)

.fini_array     0x0000000008000840        0x4
                [!provide]                        PROVIDE (__fini_array_start, .)
 *(SORT(.fini_array.*))
 *(.fini_array*)
 .fini_array    0x0000000008000840        0x4 /opt/Atollic_TrueSTUDIO_for_STM32_x86_64_9.3.0/ARMTools/bin/../lib/gcc/arm-atollic-eabi/6.3.1/armv6-m/crtbegin.o
                [!provide]                        PROVIDE (__fini_array_end, .)
                0x0000000008000844                _sidata = LOADADDR (.data)

.data           0x0000000020000000        0x0 load address 0x0000000008000844
                0x0000000020000000                . = ALIGN (0x4)
                0x0000000020000000                _sdata = .
 *(.data)
 *(.data*)
                0x0000000020000000                . = ALIGN (0x4)
                0x0000000020000000                _edata = .

.igot.plt       0x0000000020000000        0x0 load address 0x0000000008000844
 .igot.plt      0x0000000020000000        0x0 /opt/Atollic_TrueSTUDIO_for_STM32_x86_64_9.3.0/ARMTools/bin/../lib/gcc/arm-atollic-eabi/6.3.1/armv6-m/crtbegin.o
                0x0000000020000000                . = ALIGN (0x4)

.bss            0x0000000020000000       0x24 load address 0x0000000008000844
                0x0000000020000000                _sbss = .
                0x0000000020000000                __bss_start__ = _sbss
 *(.bss)
 .bss           0x0000000020000000       0x1c /opt/Atollic_TrueSTUDIO_for_STM32_x86_64_9.3.0/ARMTools/bin/../lib/gcc/arm-atollic-eabi/6.3.1/armv6-m/crtbegin.o
 *(.bss*)
 *(COMMON)
 COMMON         0x000000002000001c        0x8 src/main.o
                0x000000002000001c                GPIO_InitStructure
                0x0000000020000024                . = ALIGN (0x4)
                0x0000000020000024                _ebss = .
                0x0000000020000024                __bss_end__ = _ebss

._user_heap_stack
                0x0000000020000024       0x80 load address 0x0000000008000844
                0x0000000020000024                . = ALIGN (0x4)
                0x0000000020000024                PROVIDE (end, .)
                [!provide]                        PROVIDE (_end, .)
                0x0000000020000024                . = (. + _Min_Heap_Size)
                0x00000000200000a4                . = (. + _Min_Stack_Size)
 *fill*         0x0000000020000024       0x80 
                0x00000000200000a4                . = ALIGN (0x4)

.memory_b1_text
 *(.mb1text)
 *(.mb1text*)
 *(.mb1rodata)
 *(.mb1rodata*)

/DISCARD/
 libc.a(*)
 libm.a(*)
 libgcc.a(*)

.ARM.attributes
                0x0000000000000000       0x28
 *(.ARM.attributes)
 .ARM.attributes
                0x0000000000000000       0x1e /opt/Atollic_TrueSTUDIO_for_STM32_x86_64_9.3.0/ARMTools/bin/../lib/gcc/arm-atollic-eabi/6.3.1/armv6-m/crti.o
 .ARM.attributes
                0x000000000000001e       0x2c /opt/Atollic_TrueSTUDIO_for_STM32_x86_64_9.3.0/ARMTools/bin/../lib/gcc/arm-atollic-eabi/6.3.1/armv6-m/crtbegin.o
 .ARM.attributes
                0x000000000000004a       0x31 Libraries/STM32F0xx_StdPeriph_Driver/src/stm32f0xx_gpio.o
 .ARM.attributes
                0x000000000000007b       0x31 Libraries/STM32F0xx_StdPeriph_Driver/src/stm32f0xx_rcc.o
 .ARM.attributes
                0x00000000000000ac       0x31 src/main.o
 .ARM.attributes
                0x00000000000000dd       0x21 src/startup_stm32f0xx.o
 .ARM.attributes
                0x00000000000000fe       0x31 src/stm32f0xx_it.o
 .ARM.attributes
                0x000000000000012f       0x31 src/system_stm32f0xx.o
 .ARM.attributes
                0x0000000000000160       0x2c /opt/Atollic_TrueSTUDIO_for_STM32_x86_64_9.3.0/ARMTools/bin/../lib/gcc/arm-atollic-eabi/6.3.1/../../../../arm-atollic-eabi/lib/armv6-m/libc_nano.a(lib_a-init.o)
 .ARM.attributes
                0x000000000000018c       0x1e /opt/Atollic_TrueSTUDIO_for_STM32_x86_64_9.3.0/ARMTools/bin/../lib/gcc/arm-atollic-eabi/6.3.1/armv6-m/crtn.o
OUTPUT(STM32F0_Discovery_IO_Toggle.elf elf32-littlearm)

.debug_info     0x0000000000000000     0x174b
 .debug_info    0x0000000000000000      0x5f5 Libraries/STM32F0xx_StdPeriph_Driver/src/stm32f0xx_gpio.o
 .debug_info    0x00000000000005f5      0x9b8 Libraries/STM32F0xx_StdPeriph_Driver/src/stm32f0xx_rcc.o
 .debug_info    0x0000000000000fad      0x349 src/main.o
 .debug_info    0x00000000000012f6       0x94 src/startup_stm32f0xx.o
 .debug_info    0x000000000000138a       0xe9 src/stm32f0xx_it.o
 .debug_info    0x0000000000001473      0x2d8 src/system_stm32f0xx.o

.debug_abbrev   0x0000000000000000      0x638
 .debug_abbrev  0x0000000000000000      0x189 Libraries/STM32F0xx_StdPeriph_Driver/src/stm32f0xx_gpio.o
 .debug_abbrev  0x0000000000000189      0x201 Libraries/STM32F0xx_StdPeriph_Driver/src/stm32f0xx_rcc.o
 .debug_abbrev  0x000000000000038a      0x107 src/main.o
 .debug_abbrev  0x0000000000000491       0x12 src/startup_stm32f0xx.o
 .debug_abbrev  0x00000000000004a3       0x60 src/stm32f0xx_it.o
 .debug_abbrev  0x0000000000000503      0x135 src/system_stm32f0xx.o

.debug_aranges  0x0000000000000000      0x288
 .debug_aranges
                0x0000000000000000       0x80 Libraries/STM32F0xx_StdPeriph_Driver/src/stm32f0xx_gpio.o
 .debug_aranges
                0x0000000000000080      0x150 Libraries/STM32F0xx_StdPeriph_Driver/src/stm32f0xx_rcc.o
 .debug_aranges
                0x00000000000001d0       0x20 src/main.o
 .debug_aranges
                0x00000000000001f0       0x28 src/startup_stm32f0xx.o
 .debug_aranges
                0x0000000000000218       0x40 src/stm32f0xx_it.o
 .debug_aranges
                0x0000000000000258       0x30 src/system_stm32f0xx.o

.debug_ranges   0x0000000000000000      0x230
 .debug_ranges  0x0000000000000000       0x70 Libraries/STM32F0xx_StdPeriph_Driver/src/stm32f0xx_gpio.o
 .debug_ranges  0x0000000000000070      0x140 Libraries/STM32F0xx_StdPeriph_Driver/src/stm32f0xx_rcc.o
 .debug_ranges  0x00000000000001b0       0x10 src/main.o
 .debug_ranges  0x00000000000001c0       0x20 src/startup_stm32f0xx.o
 .debug_ranges  0x00000000000001e0       0x30 src/stm32f0xx_it.o
 .debug_ranges  0x0000000000000210       0x20 src/system_stm32f0xx.o

.debug_line     0x0000000000000000      0xe37
 .debug_line    0x0000000000000000      0x30d Libraries/STM32F0xx_StdPeriph_Driver/src/stm32f0xx_gpio.o
 .debug_line    0x000000000000030d      0x539 Libraries/STM32F0xx_StdPeriph_Driver/src/stm32f0xx_rcc.o
 .debug_line    0x0000000000000846      0x208 src/main.o
 .debug_line    0x0000000000000a4e       0x7d src/startup_stm32f0xx.o
 .debug_line    0x0000000000000acb      0x1a2 src/stm32f0xx_it.o
 .debug_line    0x0000000000000c6d      0x1ca src/system_stm32f0xx.o

.debug_str      0x0000000000000000      0xb5d
 .debug_str     0x0000000000000000      0x4bc Libraries/STM32F0xx_StdPeriph_Driver/src/stm32f0xx_gpio.o
                                        0x50a (size before relaxing)
 .debug_str     0x00000000000004bc      0x56f Libraries/STM32F0xx_StdPeriph_Driver/src/stm32f0xx_rcc.o
                                        0x7a3 (size before relaxing)
 .debug_str     0x0000000000000a2b       0x68 src/main.o
                                        0x3f4 (size before relaxing)
 .debug_str     0x0000000000000a93       0x5f src/stm32f0xx_it.o
                                        0x209 (size before relaxing)
 .debug_str     0x0000000000000af2       0x6b src/system_stm32f0xx.o
                                        0x2c6 (size before relaxing)

.comment        0x0000000000000000       0x7c
 .comment       0x0000000000000000       0x7c Libraries/STM32F0xx_StdPeriph_Driver/src/stm32f0xx_gpio.o
                                         0x7d (size before relaxing)
 .comment       0x000000000000007c       0x7d Libraries/STM32F0xx_StdPeriph_Driver/src/stm32f0xx_rcc.o
 .comment       0x000000000000007c       0x7d src/main.o
 .comment       0x000000000000007c       0x7d src/stm32f0xx_it.o
 .comment       0x000000000000007c       0x7d src/system_stm32f0xx.o

.debug_frame    0x0000000000000000      0x7f8
 .debug_frame   0x0000000000000000      0x1b0 Libraries/STM32F0xx_StdPeriph_Driver/src/stm32f0xx_gpio.o
 .debug_frame   0x00000000000001b0      0x4e4 Libraries/STM32F0xx_StdPeriph_Driver/src/stm32f0xx_rcc.o
 .debug_frame   0x0000000000000694       0x30 src/main.o
 .debug_frame   0x00000000000006c4       0x9c src/stm32f0xx_it.o
 .debug_frame   0x0000000000000760       0x6c src/system_stm32f0xx.o
 .debug_frame   0x00000000000007cc       0x2c /opt/Atollic_TrueSTUDIO_for_STM32_x86_64_9.3.0/ARMTools/bin/../lib/gcc/arm-atollic-eabi/6.3.1/../../../../arm-atollic-eabi/lib/armv6-m/libc_nano.a(lib_a-init.o)

Cross Reference Table

Symbol                                            File
ADC1_COMP_IRQHandler                              src/startup_stm32f0xx.o
ADC_AnalogWatchdogCmd                             Libraries/STM32F0xx_StdPeriph_Driver/src/stm32f0xx_adc.o
ADC_AnalogWatchdogSingleChannelCmd                Libraries/STM32F0xx_StdPeriph_Driver/src/stm32f0xx_adc.o
ADC_AnalogWatchdogSingleChannelConfig             Libraries/STM32F0xx_StdPeriph_Driver/src/stm32f0xx_adc.o
ADC_AnalogWatchdogThresholdsConfig                Libraries/STM32F0xx_StdPeriph_Driver/src/stm32f0xx_adc.o
ADC_AutoPowerOffCmd                               Libraries/STM32F0xx_StdPeriph_Driver/src/stm32f0xx_adc.o
ADC_ChannelConfig                                 Libraries/STM32F0xx_StdPeriph_Driver/src/stm32f0xx_adc.o
ADC_ClearFlag                                     Libraries/STM32F0xx_StdPeriph_Driver/src/stm32f0xx_adc.o
ADC_ClearITPendingBit                             Libraries/STM32F0xx_StdPeriph_Driver/src/stm32f0xx_adc.o
ADC_Cmd                                           Libraries/STM32F0xx_StdPeriph_Driver/src/stm32f0xx_adc.o
ADC_ContinuousModeCmd                             Libraries/STM32F0xx_StdPeriph_Driver/src/stm32f0xx_adc.o
ADC_DMACmd                                        Libraries/STM32F0xx_StdPeriph_Driver/src/stm32f0xx_adc.o
ADC_DMARequestModeConfig                          Libraries/STM32F0xx_StdPeriph_Driver/src/stm32f0xx_adc.o
ADC_DeInit                                        Libraries/STM32F0xx_StdPeriph_Driver/src/stm32f0xx_adc.o
ADC_DiscModeCmd                                   Libraries/STM32F0xx_StdPeriph_Driver/src/stm32f0xx_adc.o
ADC_GetCalibrationFactor                          Libraries/STM32F0xx_StdPeriph_Driver/src/stm32f0xx_adc.o
ADC_GetConversionValue                            Libraries/STM32F0xx_StdPeriph_Driver/src/stm32f0xx_adc.o
ADC_GetFlagStatus                                 Libraries/STM32F0xx_StdPeriph_Driver/src/stm32f0xx_adc.o
ADC_GetITStatus                                   Libraries/STM32F0xx_StdPeriph_Driver/src/stm32f0xx_adc.o
ADC_ITConfig                                      Libraries/STM32F0xx_StdPeriph_Driver/src/stm32f0xx_adc.o
ADC_Init                                          Libraries/STM32F0xx_StdPeriph_Driver/src/stm32f0xx_adc.o
ADC_JitterCmd                                     Libraries/STM32F0xx_StdPeriph_Driver/src/stm32f0xx_adc.o
ADC_OverrunModeCmd                                Libraries/STM32F0xx_StdPeriph_Driver/src/stm32f0xx_adc.o
ADC_StartOfConversion                             Libraries/STM32F0xx_StdPeriph_Driver/src/stm32f0xx_adc.o
ADC_StopOfConversion                              Libraries/STM32F0xx_StdPeriph_Driver/src/stm32f0xx_adc.o
ADC_StructInit                                    Libraries/STM32F0xx_StdPeriph_Driver/src/stm32f0xx_adc.o
ADC_TempSensorCmd                                 Libraries/STM32F0xx_StdPeriph_Driver/src/stm32f0xx_adc.o
ADC_VbatCmd                                       Libraries/STM32F0xx_StdPeriph_Driver/src/stm32f0xx_adc.o
ADC_VrefintCmd                                    Libraries/STM32F0xx_StdPeriph_Driver/src/stm32f0xx_adc.o
ADC_WaitModeCmd                                   Libraries/STM32F0xx_StdPeriph_Driver/src/stm32f0xx_adc.o
AHBPrescTable                                     src/system_stm32f0xx.o
BUTTON_CLK                                        Utilities/STM32F0-Discovery/stm32f0_discovery.o
BUTTON_EXTI_LINE                                  Utilities/STM32F0-Discovery/stm32f0_discovery.o
BUTTON_IRQn                                       Utilities/STM32F0-Discovery/stm32f0_discovery.o
BUTTON_PIN                                        Utilities/STM32F0-Discovery/stm32f0_discovery.o
BUTTON_PIN_SOURCE                                 Utilities/STM32F0-Discovery/stm32f0_discovery.o
BUTTON_PORT                                       Utilities/STM32F0-Discovery/stm32f0_discovery.o
BUTTON_PORT_SOURCE                                Utilities/STM32F0-Discovery/stm32f0_discovery.o
CEC_ClearFlag                                     Libraries/STM32F0xx_StdPeriph_Driver/src/stm32f0xx_cec.o
CEC_ClearITPendingBit                             Libraries/STM32F0xx_StdPeriph_Driver/src/stm32f0xx_cec.o
CEC_Cmd                                           Libraries/STM32F0xx_StdPeriph_Driver/src/stm32f0xx_cec.o
CEC_DeInit                                        Libraries/STM32F0xx_StdPeriph_Driver/src/stm32f0xx_cec.o
CEC_EndOfMessage                                  Libraries/STM32F0xx_StdPeriph_Driver/src/stm32f0xx_cec.o
CEC_GetFlagStatus                                 Libraries/STM32F0xx_StdPeriph_Driver/src/stm32f0xx_cec.o
CEC_GetITStatus                                   Libraries/STM32F0xx_StdPeriph_Driver/src/stm32f0xx_cec.o
CEC_IRQHandler                                    src/startup_stm32f0xx.o
CEC_ITConfig                                      Libraries/STM32F0xx_StdPeriph_Driver/src/stm32f0xx_cec.o
CEC_Init                                          Libraries/STM32F0xx_StdPeriph_Driver/src/stm32f0xx_cec.o
CEC_ListenModeCmd                                 Libraries/STM32F0xx_StdPeriph_Driver/src/stm32f0xx_cec.o
CEC_OwnAddressClear                               Libraries/STM32F0xx_StdPeriph_Driver/src/stm32f0xx_cec.o
CEC_OwnAddressConfig                              Libraries/STM32F0xx_StdPeriph_Driver/src/stm32f0xx_cec.o
CEC_ReceiveData                                   Libraries/STM32F0xx_StdPeriph_Driver/src/stm32f0xx_cec.o
CEC_SendData                                      Libraries/STM32F0xx_StdPeriph_Driver/src/stm32f0xx_cec.o
CEC_StartOfMessage                                Libraries/STM32F0xx_StdPeriph_Driver/src/stm32f0xx_cec.o
CEC_StructInit                                    Libraries/STM32F0xx_StdPeriph_Driver/src/stm32f0xx_cec.o
COMP_Cmd                                          Libraries/STM32F0xx_StdPeriph_Driver/src/stm32f0xx_comp.o
COMP_DeInit                                       Libraries/STM32F0xx_StdPeriph_Driver/src/stm32f0xx_comp.o
COMP_GetOutputLevel                               Libraries/STM32F0xx_StdPeriph_Driver/src/stm32f0xx_comp.o
COMP_Init                                         Libraries/STM32F0xx_StdPeriph_Driver/src/stm32f0xx_comp.o
COMP_LockConfig                                   Libraries/STM32F0xx_StdPeriph_Driver/src/stm32f0xx_comp.o
COMP_StructInit                                   Libraries/STM32F0xx_StdPeriph_Driver/src/stm32f0xx_comp.o
COMP_SwitchCmd                                    Libraries/STM32F0xx_StdPeriph_Driver/src/stm32f0xx_comp.o
COMP_WindowCmd                                    Libraries/STM32F0xx_StdPeriph_Driver/src/stm32f0xx_comp.o
CRC_CalcBlockCRC                                  Libraries/STM32F0xx_StdPeriph_Driver/src/stm32f0xx_crc.o
CRC_CalcCRC                                       Libraries/STM32F0xx_StdPeriph_Driver/src/stm32f0xx_crc.o
CRC_DeInit                                        Libraries/STM32F0xx_StdPeriph_Driver/src/stm32f0xx_crc.o
CRC_GetCRC                                        Libraries/STM32F0xx_StdPeriph_Driver/src/stm32f0xx_crc.o
CRC_GetIDRegister                                 Libraries/STM32F0xx_StdPeriph_Driver/src/stm32f0xx_crc.o
CRC_ResetDR                                       Libraries/STM32F0xx_StdPeriph_Driver/src/stm32f0xx_crc.o
CRC_ReverseInputDataSelect                        Libraries/STM32F0xx_StdPeriph_Driver/src/stm32f0xx_crc.o
CRC_ReverseOutputDataCmd                          Libraries/STM32F0xx_StdPeriph_Driver/src/stm32f0xx_crc.o
CRC_SetIDRegister                                 Libraries/STM32F0xx_StdPeriph_Driver/src/stm32f0xx_crc.o
CRC_SetInitRegister                               Libraries/STM32F0xx_StdPeriph_Driver/src/stm32f0xx_crc.o
DAC_ClearFlag                                     Libraries/STM32F0xx_StdPeriph_Driver/src/stm32f0xx_dac.o
DAC_ClearITPendingBit                             Libraries/STM32F0xx_StdPeriph_Driver/src/stm32f0xx_dac.o
DAC_Cmd                                           Libraries/STM32F0xx_StdPeriph_Driver/src/stm32f0xx_dac.o
DAC_DMACmd                                        Libraries/STM32F0xx_StdPeriph_Driver/src/stm32f0xx_dac.o
DAC_DeInit                                        Libraries/STM32F0xx_StdPeriph_Driver/src/stm32f0xx_dac.o
DAC_GetDataOutputValue                            Libraries/STM32F0xx_StdPeriph_Driver/src/stm32f0xx_dac.o
DAC_GetFlagStatus                                 Libraries/STM32F0xx_StdPeriph_Driver/src/stm32f0xx_dac.o
DAC_GetITStatus                                   Libraries/STM32F0xx_StdPeriph_Driver/src/stm32f0xx_dac.o
DAC_ITConfig                                      Libraries/STM32F0xx_StdPeriph_Driver/src/stm32f0xx_dac.o
DAC_Init                                          Libraries/STM32F0xx_StdPeriph_Driver/src/stm32f0xx_dac.o
DAC_SetChannel1Data                               Libraries/STM32F0xx_StdPeriph_Driver/src/stm32f0xx_dac.o
DAC_SoftwareTriggerCmd                            Libraries/STM32F0xx_StdPeriph_Driver/src/stm32f0xx_dac.o
DAC_StructInit                                    Libraries/STM32F0xx_StdPeriph_Driver/src/stm32f0xx_dac.o
DBGMCU_APB1PeriphConfig                           Libraries/STM32F0xx_StdPeriph_Driver/src/stm32f0xx_dbgmcu.o
DBGMCU_APB2PeriphConfig                           Libraries/STM32F0xx_StdPeriph_Driver/src/stm32f0xx_dbgmcu.o
DBGMCU_Config                                     Libraries/STM32F0xx_StdPeriph_Driver/src/stm32f0xx_dbgmcu.o
DBGMCU_GetDEVID                                   Libraries/STM32F0xx_StdPeriph_Driver/src/stm32f0xx_dbgmcu.o
DBGMCU_GetREVID                                   Libraries/STM32F0xx_StdPeriph_Driver/src/stm32f0xx_dbgmcu.o
DMA1_Channel1_IRQHandler                          src/startup_stm32f0xx.o
DMA1_Channel2_3_IRQHandler                        src/startup_stm32f0xx.o
DMA1_Channel4_5_IRQHandler                        src/startup_stm32f0xx.o
DMA_ClearFlag                                     Libraries/STM32F0xx_StdPeriph_Driver/src/stm32f0xx_dma.o
DMA_ClearITPendingBit                             Libraries/STM32F0xx_StdPeriph_Driver/src/stm32f0xx_dma.o
DMA_Cmd                                           Libraries/STM32F0xx_StdPeriph_Driver/src/stm32f0xx_dma.o
DMA_DeInit                                        Libraries/STM32F0xx_StdPeriph_Driver/src/stm32f0xx_dma.o
DMA_GetCurrDataCounter                            Libraries/STM32F0xx_StdPeriph_Driver/src/stm32f0xx_dma.o
DMA_GetFlagStatus                                 Libraries/STM32F0xx_StdPeriph_Driver/src/stm32f0xx_dma.o
DMA_GetITStatus                                   Libraries/STM32F0xx_StdPeriph_Driver/src/stm32f0xx_dma.o
DMA_ITConfig                                      Libraries/STM32F0xx_StdPeriph_Driver/src/stm32f0xx_dma.o
DMA_Init                                          Libraries/STM32F0xx_StdPeriph_Driver/src/stm32f0xx_dma.o
DMA_SetCurrDataCounter                            Libraries/STM32F0xx_StdPeriph_Driver/src/stm32f0xx_dma.o
DMA_StructInit                                    Libraries/STM32F0xx_StdPeriph_Driver/src/stm32f0xx_dma.o
Default_Handler                                   src/startup_stm32f0xx.o
EXTI0_1_IRQHandler                                src/startup_stm32f0xx.o
EXTI2_3_IRQHandler                                src/startup_stm32f0xx.o
EXTI4_15_IRQHandler                               src/startup_stm32f0xx.o
EXTI_ClearFlag                                    Libraries/STM32F0xx_StdPeriph_Driver/src/stm32f0xx_exti.o
EXTI_ClearITPendingBit                            Libraries/STM32F0xx_StdPeriph_Driver/src/stm32f0xx_exti.o
EXTI_DeInit                                       Libraries/STM32F0xx_StdPeriph_Driver/src/stm32f0xx_exti.o
EXTI_GenerateSWInterrupt                          Libraries/STM32F0xx_StdPeriph_Driver/src/stm32f0xx_exti.o
EXTI_GetFlagStatus                                Libraries/STM32F0xx_StdPeriph_Driver/src/stm32f0xx_exti.o
EXTI_GetITStatus                                  Libraries/STM32F0xx_StdPeriph_Driver/src/stm32f0xx_exti.o
EXTI_Init                                         Libraries/STM32F0xx_StdPeriph_Driver/src/stm32f0xx_exti.o
                                                  Utilities/STM32F0-Discovery/stm32f0_discovery.o
EXTI_StructInit                                   Libraries/STM32F0xx_StdPeriph_Driver/src/stm32f0xx_exti.o
FLASH_ClearFlag                                   Libraries/STM32F0xx_StdPeriph_Driver/src/stm32f0xx_flash.o
FLASH_EraseAllPages                               Libraries/STM32F0xx_StdPeriph_Driver/src/stm32f0xx_flash.o
FLASH_ErasePage                                   Libraries/STM32F0xx_StdPeriph_Driver/src/stm32f0xx_flash.o
FLASH_GetFlagStatus                               Libraries/STM32F0xx_StdPeriph_Driver/src/stm32f0xx_flash.o
FLASH_GetPrefetchBufferStatus                     Libraries/STM32F0xx_StdPeriph_Driver/src/stm32f0xx_flash.o
FLASH_GetStatus                                   Libraries/STM32F0xx_StdPeriph_Driver/src/stm32f0xx_flash.o
FLASH_IRQHandler                                  src/startup_stm32f0xx.o
FLASH_ITConfig                                    Libraries/STM32F0xx_StdPeriph_Driver/src/stm32f0xx_flash.o
FLASH_Lock                                        Libraries/STM32F0xx_StdPeriph_Driver/src/stm32f0xx_flash.o
FLASH_OB_BOOTConfig                               Libraries/STM32F0xx_StdPeriph_Driver/src/stm32f0xx_flash.o
FLASH_OB_EnableWRP                                Libraries/STM32F0xx_StdPeriph_Driver/src/stm32f0xx_flash.o
FLASH_OB_Erase                                    Libraries/STM32F0xx_StdPeriph_Driver/src/stm32f0xx_flash.o
FLASH_OB_GetRDP                                   Libraries/STM32F0xx_StdPeriph_Driver/src/stm32f0xx_flash.o
FLASH_OB_GetUser                                  Libraries/STM32F0xx_StdPeriph_Driver/src/stm32f0xx_flash.o
FLASH_OB_GetWRP                                   Libraries/STM32F0xx_StdPeriph_Driver/src/stm32f0xx_flash.o
FLASH_OB_Launch                                   Libraries/STM32F0xx_StdPeriph_Driver/src/stm32f0xx_flash.o
FLASH_OB_Lock                                     Libraries/STM32F0xx_StdPeriph_Driver/src/stm32f0xx_flash.o
FLASH_OB_RDPConfig                                Libraries/STM32F0xx_StdPeriph_Driver/src/stm32f0xx_flash.o
FLASH_OB_SRAMParityConfig                         Libraries/STM32F0xx_StdPeriph_Driver/src/stm32f0xx_flash.o
FLASH_OB_Unlock                                   Libraries/STM32F0xx_StdPeriph_Driver/src/stm32f0xx_flash.o
FLASH_OB_UserConfig                               Libraries/STM32F0xx_StdPeriph_Driver/src/stm32f0xx_flash.o
FLASH_OB_VDDAConfig                               Libraries/STM32F0xx_StdPeriph_Driver/src/stm32f0xx_flash.o
FLASH_OB_WriteUser                                Libraries/STM32F0xx_StdPeriph_Driver/src/stm32f0xx_flash.o
FLASH_PrefetchBufferCmd                           Libraries/STM32F0xx_StdPeriph_Driver/src/stm32f0xx_flash.o
FLASH_ProgramHalfWord                             Libraries/STM32F0xx_StdPeriph_Driver/src/stm32f0xx_flash.o
FLASH_ProgramOptionByteData                       Libraries/STM32F0xx_StdPeriph_Driver/src/stm32f0xx_flash.o
FLASH_ProgramWord                                 Libraries/STM32F0xx_StdPeriph_Driver/src/stm32f0xx_flash.o
FLASH_SetLatency                                  Libraries/STM32F0xx_StdPeriph_Driver/src/stm32f0xx_flash.o
FLASH_Unlock                                      Libraries/STM32F0xx_StdPeriph_Driver/src/stm32f0xx_flash.o
FLASH_WaitForLastOperation                        Libraries/STM32F0xx_StdPeriph_Driver/src/stm32f0xx_flash.o
GPIO_CLK                                          Utilities/STM32F0-Discovery/stm32f0_discovery.o
GPIO_DeInit                                       Libraries/STM32F0xx_StdPeriph_Driver/src/stm32f0xx_gpio.o
GPIO_Init                                         Libraries/STM32F0xx_StdPeriph_Driver/src/stm32f0xx_gpio.o
                                                  src/main.o
                                                  Utilities/STM32F0-Discovery/stm32f0_discovery.o
GPIO_InitStructure                                src/main.o
GPIO_PIN                                          Utilities/STM32F0-Discovery/stm32f0_discovery.o
GPIO_PORT                                         Utilities/STM32F0-Discovery/stm32f0_discovery.o
GPIO_PinAFConfig                                  Libraries/STM32F0xx_StdPeriph_Driver/src/stm32f0xx_gpio.o
GPIO_PinLockConfig                                Libraries/STM32F0xx_StdPeriph_Driver/src/stm32f0xx_gpio.o
GPIO_ReadInputData                                Libraries/STM32F0xx_StdPeriph_Driver/src/stm32f0xx_gpio.o
GPIO_ReadInputDataBit                             Libraries/STM32F0xx_StdPeriph_Driver/src/stm32f0xx_gpio.o
                                                  src/main.o
                                                  Utilities/STM32F0-Discovery/stm32f0_discovery.o
GPIO_ReadOutputData                               Libraries/STM32F0xx_StdPeriph_Driver/src/stm32f0xx_gpio.o
GPIO_ReadOutputDataBit                            Libraries/STM32F0xx_StdPeriph_Driver/src/stm32f0xx_gpio.o
GPIO_ResetBits                                    Libraries/STM32F0xx_StdPeriph_Driver/src/stm32f0xx_gpio.o
GPIO_SetBits                                      Libraries/STM32F0xx_StdPeriph_Driver/src/stm32f0xx_gpio.o
GPIO_StructInit                                   Libraries/STM32F0xx_StdPeriph_Driver/src/stm32f0xx_gpio.o
GPIO_Write                                        Libraries/STM32F0xx_StdPeriph_Driver/src/stm32f0xx_gpio.o
GPIO_WriteBit                                     Libraries/STM32F0xx_StdPeriph_Driver/src/stm32f0xx_gpio.o
                                                  src/main.o
HardFault_Handler                                 src/stm32f0xx_it.o
                                                  src/startup_stm32f0xx.o
I2C1_IRQHandler                                   src/startup_stm32f0xx.o
I2C2_IRQHandler                                   src/startup_stm32f0xx.o
I2C_10BitAddressHeaderCmd                         Libraries/STM32F0xx_StdPeriph_Driver/src/stm32f0xx_i2c.o
I2C_10BitAddressingModeCmd                        Libraries/STM32F0xx_StdPeriph_Driver/src/stm32f0xx_i2c.o
I2C_AcknowledgeConfig                             Libraries/STM32F0xx_StdPeriph_Driver/src/stm32f0xx_i2c.o
I2C_AutoEndCmd                                    Libraries/STM32F0xx_StdPeriph_Driver/src/stm32f0xx_i2c.o
I2C_CalculatePEC                                  Libraries/STM32F0xx_StdPeriph_Driver/src/stm32f0xx_i2c.o
I2C_ClearFlag                                     Libraries/STM32F0xx_StdPeriph_Driver/src/stm32f0xx_i2c.o
I2C_ClearITPendingBit                             Libraries/STM32F0xx_StdPeriph_Driver/src/stm32f0xx_i2c.o
I2C_ClockTimeoutCmd                               Libraries/STM32F0xx_StdPeriph_Driver/src/stm32f0xx_i2c.o
I2C_Cmd                                           Libraries/STM32F0xx_StdPeriph_Driver/src/stm32f0xx_i2c.o
I2C_DMACmd                                        Libraries/STM32F0xx_StdPeriph_Driver/src/stm32f0xx_i2c.o
I2C_DeInit                                        Libraries/STM32F0xx_StdPeriph_Driver/src/stm32f0xx_i2c.o
I2C_DualAddressCmd                                Libraries/STM32F0xx_StdPeriph_Driver/src/stm32f0xx_i2c.o
I2C_ExtendedClockTimeoutCmd                       Libraries/STM32F0xx_StdPeriph_Driver/src/stm32f0xx_i2c.o
I2C_GeneralCallCmd                                Libraries/STM32F0xx_StdPeriph_Driver/src/stm32f0xx_i2c.o
I2C_GenerateSTART                                 Libraries/STM32F0xx_StdPeriph_Driver/src/stm32f0xx_i2c.o
I2C_GenerateSTOP                                  Libraries/STM32F0xx_StdPeriph_Driver/src/stm32f0xx_i2c.o
I2C_GetAddressMatched                             Libraries/STM32F0xx_StdPeriph_Driver/src/stm32f0xx_i2c.o
I2C_GetFlagStatus                                 Libraries/STM32F0xx_StdPeriph_Driver/src/stm32f0xx_i2c.o
I2C_GetITStatus                                   Libraries/STM32F0xx_StdPeriph_Driver/src/stm32f0xx_i2c.o
I2C_GetPEC                                        Libraries/STM32F0xx_StdPeriph_Driver/src/stm32f0xx_i2c.o
I2C_GetTransferDirection                          Libraries/STM32F0xx_StdPeriph_Driver/src/stm32f0xx_i2c.o
I2C_ITConfig                                      Libraries/STM32F0xx_StdPeriph_Driver/src/stm32f0xx_i2c.o
I2C_IdleClockTimeoutCmd                           Libraries/STM32F0xx_StdPeriph_Driver/src/stm32f0xx_i2c.o
I2C_Init                                          Libraries/STM32F0xx_StdPeriph_Driver/src/stm32f0xx_i2c.o
I2C_MasterRequestConfig                           Libraries/STM32F0xx_StdPeriph_Driver/src/stm32f0xx_i2c.o
I2C_NumberOfBytesConfig                           Libraries/STM32F0xx_StdPeriph_Driver/src/stm32f0xx_i2c.o
I2C_OwnAddress2Config                             Libraries/STM32F0xx_StdPeriph_Driver/src/stm32f0xx_i2c.o
I2C_PECRequestCmd                                 Libraries/STM32F0xx_StdPeriph_Driver/src/stm32f0xx_i2c.o
I2C_ReadRegister                                  Libraries/STM32F0xx_StdPeriph_Driver/src/stm32f0xx_i2c.o
I2C_ReceiveData                                   Libraries/STM32F0xx_StdPeriph_Driver/src/stm32f0xx_i2c.o
I2C_ReloadCmd                                     Libraries/STM32F0xx_StdPeriph_Driver/src/stm32f0xx_i2c.o
I2C_SMBusAlertCmd                                 Libraries/STM32F0xx_StdPeriph_Driver/src/stm32f0xx_i2c.o
I2C_SendData                                      Libraries/STM32F0xx_StdPeriph_Driver/src/stm32f0xx_i2c.o
I2C_SlaveAddressConfig                            Libraries/STM32F0xx_StdPeriph_Driver/src/stm32f0xx_i2c.o
I2C_SlaveByteControlCmd                           Libraries/STM32F0xx_StdPeriph_Driver/src/stm32f0xx_i2c.o
I2C_SoftwareResetCmd                              Libraries/STM32F0xx_StdPeriph_Driver/src/stm32f0xx_i2c.o
I2C_StopModeCmd                                   Libraries/STM32F0xx_StdPeriph_Driver/src/stm32f0xx_i2c.o
I2C_StretchClockCmd                               Libraries/STM32F0xx_StdPeriph_Driver/src/stm32f0xx_i2c.o
I2C_StructInit                                    Libraries/STM32F0xx_StdPeriph_Driver/src/stm32f0xx_i2c.o
I2C_TimeoutAConfig                                Libraries/STM32F0xx_StdPeriph_Driver/src/stm32f0xx_i2c.o
I2C_TimeoutBConfig                                Libraries/STM32F0xx_StdPeriph_Driver/src/stm32f0xx_i2c.o
I2C_TransferHandling                              Libraries/STM32F0xx_StdPeriph_Driver/src/stm32f0xx_i2c.o
I2S_Cmd                                           Libraries/STM32F0xx_StdPeriph_Driver/src/stm32f0xx_spi.o
I2S_Init                                          Libraries/STM32F0xx_StdPeriph_Driver/src/stm32f0xx_spi.o
I2S_StructInit                                    Libraries/STM32F0xx_StdPeriph_Driver/src/stm32f0xx_spi.o
IWDG_Enable                                       Libraries/STM32F0xx_StdPeriph_Driver/src/stm32f0xx_iwdg.o
IWDG_GetFlagStatus                                Libraries/STM32F0xx_StdPeriph_Driver/src/stm32f0xx_iwdg.o
IWDG_ReloadCounter                                Libraries/STM32F0xx_StdPeriph_Driver/src/stm32f0xx_iwdg.o
IWDG_SetPrescaler                                 Libraries/STM32F0xx_StdPeriph_Driver/src/stm32f0xx_iwdg.o
IWDG_SetReload                                    Libraries/STM32F0xx_StdPeriph_Driver/src/stm32f0xx_iwdg.o
IWDG_SetWindowValue                               Libraries/STM32F0xx_StdPeriph_Driver/src/stm32f0xx_iwdg.o
IWDG_WriteAccessCmd                               Libraries/STM32F0xx_StdPeriph_Driver/src/stm32f0xx_iwdg.o
NMI_Handler                                       src/stm32f0xx_it.o
                                                  src/startup_stm32f0xx.o
NVIC_Init                                         Libraries/STM32F0xx_StdPeriph_Driver/src/stm32f0xx_misc.o
                                                  Utilities/STM32F0-Discovery/stm32f0_discovery.o
NVIC_SystemLPConfig                               Libraries/STM32F0xx_StdPeriph_Driver/src/stm32f0xx_misc.o
PVD_IRQHandler                                    src/startup_stm32f0xx.o
PWR_BackupAccessCmd                               Libraries/STM32F0xx_StdPeriph_Driver/src/stm32f0xx_pwr.o
PWR_ClearFlag                                     Libraries/STM32F0xx_StdPeriph_Driver/src/stm32f0xx_pwr.o
PWR_DeInit                                        Libraries/STM32F0xx_StdPeriph_Driver/src/stm32f0xx_pwr.o
PWR_EnterSTANDBYMode                              Libraries/STM32F0xx_StdPeriph_Driver/src/stm32f0xx_pwr.o
PWR_EnterSTOPMode                                 Libraries/STM32F0xx_StdPeriph_Driver/src/stm32f0xx_pwr.o
PWR_EnterSleepMode                                Libraries/STM32F0xx_StdPeriph_Driver/src/stm32f0xx_pwr.o
PWR_GetFlagStatus                                 Libraries/STM32F0xx_StdPeriph_Driver/src/stm32f0xx_pwr.o
PWR_PVDCmd                                        Libraries/STM32F0xx_StdPeriph_Driver/src/stm32f0xx_pwr.o
PWR_PVDLevelConfig                                Libraries/STM32F0xx_StdPeriph_Driver/src/stm32f0xx_pwr.o
PWR_WakeUpPinCmd                                  Libraries/STM32F0xx_StdPeriph_Driver/src/stm32f0xx_pwr.o
PendSV_Handler                                    src/stm32f0xx_it.o
                                                  src/startup_stm32f0xx.o
RCC_ADCCLKConfig                                  Libraries/STM32F0xx_StdPeriph_Driver/src/stm32f0xx_rcc.o
RCC_AHBPeriphClockCmd                             Libraries/STM32F0xx_StdPeriph_Driver/src/stm32f0xx_rcc.o
                                                  src/main.o
                                                  Utilities/STM32F0-Discovery/stm32f0_discovery.o
RCC_AHBPeriphResetCmd                             Libraries/STM32F0xx_StdPeriph_Driver/src/stm32f0xx_rcc.o
                                                  Libraries/STM32F0xx_StdPeriph_Driver/src/stm32f0xx_gpio.o
RCC_APB1PeriphClockCmd                            Libraries/STM32F0xx_StdPeriph_Driver/src/stm32f0xx_rcc.o
RCC_APB1PeriphResetCmd                            Libraries/STM32F0xx_StdPeriph_Driver/src/stm32f0xx_rcc.o
                                                  Libraries/STM32F0xx_StdPeriph_Driver/src/stm32f0xx_wwdg.o
                                                  Libraries/STM32F0xx_StdPeriph_Driver/src/stm32f0xx_usart.o
                                                  Libraries/STM32F0xx_StdPeriph_Driver/src/stm32f0xx_tim.o
                                                  Libraries/STM32F0xx_StdPeriph_Driver/src/stm32f0xx_spi.o
                                                  Libraries/STM32F0xx_StdPeriph_Driver/src/stm32f0xx_pwr.o
                                                  Libraries/STM32F0xx_StdPeriph_Driver/src/stm32f0xx_i2c.o
                                                  Libraries/STM32F0xx_StdPeriph_Driver/src/stm32f0xx_dac.o
                                                  Libraries/STM32F0xx_StdPeriph_Driver/src/stm32f0xx_cec.o
RCC_APB2PeriphClockCmd                            Libraries/STM32F0xx_StdPeriph_Driver/src/stm32f0xx_rcc.o
                                                  Utilities/STM32F0-Discovery/stm32f0_discovery.o
RCC_APB2PeriphResetCmd                            Libraries/STM32F0xx_StdPeriph_Driver/src/stm32f0xx_rcc.o
                                                  Libraries/STM32F0xx_StdPeriph_Driver/src/stm32f0xx_usart.o
                                                  Libraries/STM32F0xx_StdPeriph_Driver/src/stm32f0xx_tim.o
                                                  Libraries/STM32F0xx_StdPeriph_Driver/src/stm32f0xx_spi.o
                                                  Libraries/STM32F0xx_StdPeriph_Driver/src/stm32f0xx_adc.o
RCC_AdjustHSI14CalibrationValue                   Libraries/STM32F0xx_StdPeriph_Driver/src/stm32f0xx_rcc.o
RCC_AdjustHSICalibrationValue                     Libraries/STM32F0xx_StdPeriph_Driver/src/stm32f0xx_rcc.o
RCC_BackupResetCmd                                Libraries/STM32F0xx_StdPeriph_Driver/src/stm32f0xx_rcc.o
RCC_CECCLKConfig                                  Libraries/STM32F0xx_StdPeriph_Driver/src/stm32f0xx_rcc.o
RCC_ClearFlag                                     Libraries/STM32F0xx_StdPeriph_Driver/src/stm32f0xx_rcc.o
RCC_ClearITPendingBit                             Libraries/STM32F0xx_StdPeriph_Driver/src/stm32f0xx_rcc.o
RCC_ClockSecuritySystemCmd                        Libraries/STM32F0xx_StdPeriph_Driver/src/stm32f0xx_rcc.o
RCC_DeInit                                        Libraries/STM32F0xx_StdPeriph_Driver/src/stm32f0xx_rcc.o
RCC_GetClocksFreq                                 Libraries/STM32F0xx_StdPeriph_Driver/src/stm32f0xx_rcc.o
                                                  Libraries/STM32F0xx_StdPeriph_Driver/src/stm32f0xx_usart.o
                                                  Libraries/STM32F0xx_StdPeriph_Driver/src/stm32f0xx_spi.o
RCC_GetFlagStatus                                 Libraries/STM32F0xx_StdPeriph_Driver/src/stm32f0xx_rcc.o
RCC_GetITStatus                                   Libraries/STM32F0xx_StdPeriph_Driver/src/stm32f0xx_rcc.o
RCC_GetSYSCLKSource                               Libraries/STM32F0xx_StdPeriph_Driver/src/stm32f0xx_rcc.o
RCC_HCLKConfig                                    Libraries/STM32F0xx_StdPeriph_Driver/src/stm32f0xx_rcc.o
RCC_HSEConfig                                     Libraries/STM32F0xx_StdPeriph_Driver/src/stm32f0xx_rcc.o
RCC_HSI14ADCRequestCmd                            Libraries/STM32F0xx_StdPeriph_Driver/src/stm32f0xx_rcc.o
RCC_HSI14Cmd                                      Libraries/STM32F0xx_StdPeriph_Driver/src/stm32f0xx_rcc.o
RCC_HSICmd                                        Libraries/STM32F0xx_StdPeriph_Driver/src/stm32f0xx_rcc.o
RCC_I2CCLKConfig                                  Libraries/STM32F0xx_StdPeriph_Driver/src/stm32f0xx_rcc.o
RCC_IRQHandler                                    src/startup_stm32f0xx.o
RCC_ITConfig                                      Libraries/STM32F0xx_StdPeriph_Driver/src/stm32f0xx_rcc.o
RCC_LSEConfig                                     Libraries/STM32F0xx_StdPeriph_Driver/src/stm32f0xx_rcc.o
RCC_LSEDriveConfig                                Libraries/STM32F0xx_StdPeriph_Driver/src/stm32f0xx_rcc.o
RCC_LSICmd                                        Libraries/STM32F0xx_StdPeriph_Driver/src/stm32f0xx_rcc.o
RCC_MCOConfig                                     Libraries/STM32F0xx_StdPeriph_Driver/src/stm32f0xx_rcc.o
RCC_PCLKConfig                                    Libraries/STM32F0xx_StdPeriph_Driver/src/stm32f0xx_rcc.o
RCC_PLLCmd                                        Libraries/STM32F0xx_StdPeriph_Driver/src/stm32f0xx_rcc.o
RCC_PLLConfig                                     Libraries/STM32F0xx_StdPeriph_Driver/src/stm32f0xx_rcc.o
RCC_PREDIV1Config                                 Libraries/STM32F0xx_StdPeriph_Driver/src/stm32f0xx_rcc.o
RCC_RTCCLKCmd                                     Libraries/STM32F0xx_StdPeriph_Driver/src/stm32f0xx_rcc.o
RCC_RTCCLKConfig                                  Libraries/STM32F0xx_StdPeriph_Driver/src/stm32f0xx_rcc.o
RCC_SYSCLKConfig                                  Libraries/STM32F0xx_StdPeriph_Driver/src/stm32f0xx_rcc.o
RCC_USARTCLKConfig                                Libraries/STM32F0xx_StdPeriph_Driver/src/stm32f0xx_rcc.o
RCC_WaitForHSEStartUp                             Libraries/STM32F0xx_StdPeriph_Driver/src/stm32f0xx_rcc.o
RTC_AlarmCmd                                      Libraries/STM32F0xx_StdPeriph_Driver/src/stm32f0xx_rtc.o
RTC_AlarmStructInit                               Libraries/STM32F0xx_StdPeriph_Driver/src/stm32f0xx_rtc.o
RTC_AlarmSubSecondConfig                          Libraries/STM32F0xx_StdPeriph_Driver/src/stm32f0xx_rtc.o
RTC_BypassShadowCmd                               Libraries/STM32F0xx_StdPeriph_Driver/src/stm32f0xx_rtc.o
RTC_CalibOutputCmd                                Libraries/STM32F0xx_StdPeriph_Driver/src/stm32f0xx_rtc.o
RTC_CalibOutputConfig                             Libraries/STM32F0xx_StdPeriph_Driver/src/stm32f0xx_rtc.o
RTC_ClearFlag                                     Libraries/STM32F0xx_StdPeriph_Driver/src/stm32f0xx_rtc.o
RTC_ClearITPendingBit                             Libraries/STM32F0xx_StdPeriph_Driver/src/stm32f0xx_rtc.o
RTC_DateStructInit                                Libraries/STM32F0xx_StdPeriph_Driver/src/stm32f0xx_rtc.o
RTC_DayLightSavingConfig                          Libraries/STM32F0xx_StdPeriph_Driver/src/stm32f0xx_rtc.o
RTC_DeInit                                        Libraries/STM32F0xx_StdPeriph_Driver/src/stm32f0xx_rtc.o
RTC_EnterInitMode                                 Libraries/STM32F0xx_StdPeriph_Driver/src/stm32f0xx_rtc.o
RTC_ExitInitMode                                  Libraries/STM32F0xx_StdPeriph_Driver/src/stm32f0xx_rtc.o
RTC_GetAlarm                                      Libraries/STM32F0xx_StdPeriph_Driver/src/stm32f0xx_rtc.o
RTC_GetAlarmSubSecond                             Libraries/STM32F0xx_StdPeriph_Driver/src/stm32f0xx_rtc.o
RTC_GetDate                                       Libraries/STM32F0xx_StdPeriph_Driver/src/stm32f0xx_rtc.o
RTC_GetFlagStatus                                 Libraries/STM32F0xx_StdPeriph_Driver/src/stm32f0xx_rtc.o
RTC_GetITStatus                                   Libraries/STM32F0xx_StdPeriph_Driver/src/stm32f0xx_rtc.o
RTC_GetStoreOperation                             Libraries/STM32F0xx_StdPeriph_Driver/src/stm32f0xx_rtc.o
RTC_GetSubSecond                                  Libraries/STM32F0xx_StdPeriph_Driver/src/stm32f0xx_rtc.o
RTC_GetTime                                       Libraries/STM32F0xx_StdPeriph_Driver/src/stm32f0xx_rtc.o
RTC_GetTimeStamp                                  Libraries/STM32F0xx_StdPeriph_Driver/src/stm32f0xx_rtc.o
RTC_GetTimeStampSubSecond                         Libraries/STM32F0xx_StdPeriph_Driver/src/stm32f0xx_rtc.o
RTC_IRQHandler                                    src/startup_stm32f0xx.o
RTC_ITConfig                                      Libraries/STM32F0xx_StdPeriph_Driver/src/stm32f0xx_rtc.o
RTC_Init                                          Libraries/STM32F0xx_StdPeriph_Driver/src/stm32f0xx_rtc.o
RTC_OutputConfig                                  Libraries/STM32F0xx_StdPeriph_Driver/src/stm32f0xx_rtc.o
RTC_OutputTypeConfig                              Libraries/STM32F0xx_StdPeriph_Driver/src/stm32f0xx_rtc.o
RTC_ReadBackupRegister                            Libraries/STM32F0xx_StdPeriph_Driver/src/stm32f0xx_rtc.o
RTC_RefClockCmd                                   Libraries/STM32F0xx_StdPeriph_Driver/src/stm32f0xx_rtc.o
RTC_SetAlarm                                      Libraries/STM32F0xx_StdPeriph_Driver/src/stm32f0xx_rtc.o
RTC_SetDate                                       Libraries/STM32F0xx_StdPeriph_Driver/src/stm32f0xx_rtc.o
RTC_SetTime                                       Libraries/STM32F0xx_StdPeriph_Driver/src/stm32f0xx_rtc.o
RTC_SmoothCalibConfig                             Libraries/STM32F0xx_StdPeriph_Driver/src/stm32f0xx_rtc.o
RTC_StructInit                                    Libraries/STM32F0xx_StdPeriph_Driver/src/stm32f0xx_rtc.o
RTC_SynchroShiftConfig                            Libraries/STM32F0xx_StdPeriph_Driver/src/stm32f0xx_rtc.o
RTC_TamperCmd                                     Libraries/STM32F0xx_StdPeriph_Driver/src/stm32f0xx_rtc.o
RTC_TamperFilterConfig                            Libraries/STM32F0xx_StdPeriph_Driver/src/stm32f0xx_rtc.o
RTC_TamperPinsPrechargeDuration                   Libraries/STM32F0xx_StdPeriph_Driver/src/stm32f0xx_rtc.o
RTC_TamperPullUpCmd                               Libraries/STM32F0xx_StdPeriph_Driver/src/stm32f0xx_rtc.o
RTC_TamperSamplingFreqConfig                      Libraries/STM32F0xx_StdPeriph_Driver/src/stm32f0xx_rtc.o
RTC_TamperTriggerConfig                           Libraries/STM32F0xx_StdPeriph_Driver/src/stm32f0xx_rtc.o
RTC_TimeStampCmd                                  Libraries/STM32F0xx_StdPeriph_Driver/src/stm32f0xx_rtc.o
RTC_TimeStampOnTamperDetectionCmd                 Libraries/STM32F0xx_StdPeriph_Driver/src/stm32f0xx_rtc.o
RTC_TimeStructInit                                Libraries/STM32F0xx_StdPeriph_Driver/src/stm32f0xx_rtc.o
RTC_WaitForSynchro                                Libraries/STM32F0xx_StdPeriph_Driver/src/stm32f0xx_rtc.o
RTC_WriteBackupRegister                           Libraries/STM32F0xx_StdPeriph_Driver/src/stm32f0xx_rtc.o
RTC_WriteProtectionCmd                            Libraries/STM32F0xx_StdPeriph_Driver/src/stm32f0xx_rtc.o
Reset_Handler                                     src/startup_stm32f0xx.o
SPI1_IRQHandler                                   src/startup_stm32f0xx.o
SPI2_IRQHandler                                   src/startup_stm32f0xx.o
SPI_BiDirectionalLineConfig                       Libraries/STM32F0xx_StdPeriph_Driver/src/stm32f0xx_spi.o
SPI_CRCLengthConfig                               Libraries/STM32F0xx_StdPeriph_Driver/src/stm32f0xx_spi.o
SPI_CalculateCRC                                  Libraries/STM32F0xx_StdPeriph_Driver/src/stm32f0xx_spi.o
SPI_Cmd                                           Libraries/STM32F0xx_StdPeriph_Driver/src/stm32f0xx_spi.o
SPI_DataSizeConfig                                Libraries/STM32F0xx_StdPeriph_Driver/src/stm32f0xx_spi.o
SPI_GetCRC                                        Libraries/STM32F0xx_StdPeriph_Driver/src/stm32f0xx_spi.o
SPI_GetCRCPolynomial                              Libraries/STM32F0xx_StdPeriph_Driver/src/stm32f0xx_spi.o
SPI_GetReceptionFIFOStatus                        Libraries/STM32F0xx_StdPeriph_Driver/src/stm32f0xx_spi.o
SPI_GetTransmissionFIFOStatus                     Libraries/STM32F0xx_StdPeriph_Driver/src/stm32f0xx_spi.o
SPI_I2S_ClearFlag                                 Libraries/STM32F0xx_StdPeriph_Driver/src/stm32f0xx_spi.o
SPI_I2S_DMACmd                                    Libraries/STM32F0xx_StdPeriph_Driver/src/stm32f0xx_spi.o
SPI_I2S_DeInit                                    Libraries/STM32F0xx_StdPeriph_Driver/src/stm32f0xx_spi.o
SPI_I2S_GetFlagStatus                             Libraries/STM32F0xx_StdPeriph_Driver/src/stm32f0xx_spi.o
SPI_I2S_GetITStatus                               Libraries/STM32F0xx_StdPeriph_Driver/src/stm32f0xx_spi.o
SPI_I2S_ITConfig                                  Libraries/STM32F0xx_StdPeriph_Driver/src/stm32f0xx_spi.o
SPI_I2S_ReceiveData16                             Libraries/STM32F0xx_StdPeriph_Driver/src/stm32f0xx_spi.o
SPI_I2S_SendData16                                Libraries/STM32F0xx_StdPeriph_Driver/src/stm32f0xx_spi.o
SPI_Init                                          Libraries/STM32F0xx_StdPeriph_Driver/src/stm32f0xx_spi.o
SPI_LastDMATransferCmd                            Libraries/STM32F0xx_StdPeriph_Driver/src/stm32f0xx_spi.o
SPI_NSSInternalSoftwareConfig                     Libraries/STM32F0xx_StdPeriph_Driver/src/stm32f0xx_spi.o
SPI_NSSPulseModeCmd                               Libraries/STM32F0xx_StdPeriph_Driver/src/stm32f0xx_spi.o
SPI_ReceiveData8                                  Libraries/STM32F0xx_StdPeriph_Driver/src/stm32f0xx_spi.o
SPI_RxFIFOThresholdConfig                         Libraries/STM32F0xx_StdPeriph_Driver/src/stm32f0xx_spi.o
SPI_SSOutputCmd                                   Libraries/STM32F0xx_StdPeriph_Driver/src/stm32f0xx_spi.o
SPI_SendData8                                     Libraries/STM32F0xx_StdPeriph_Driver/src/stm32f0xx_spi.o
SPI_StructInit                                    Libraries/STM32F0xx_StdPeriph_Driver/src/stm32f0xx_spi.o
SPI_TIModeCmd                                     Libraries/STM32F0xx_StdPeriph_Driver/src/stm32f0xx_spi.o
SPI_TransmitCRC                                   Libraries/STM32F0xx_StdPeriph_Driver/src/stm32f0xx_spi.o
STM_EVAL_LEDInit                                  Utilities/STM32F0-Discovery/stm32f0_discovery.o
STM_EVAL_LEDOff                                   Utilities/STM32F0-Discovery/stm32f0_discovery.o
STM_EVAL_LEDOn                                    Utilities/STM32F0-Discovery/stm32f0_discovery.o
STM_EVAL_LEDToggle                                Utilities/STM32F0-Discovery/stm32f0_discovery.o
STM_EVAL_PBGetState                               Utilities/STM32F0-Discovery/stm32f0_discovery.o
STM_EVAL_PBInit                                   Utilities/STM32F0-Discovery/stm32f0_discovery.o
SVC_Handler                                       src/stm32f0xx_it.o
                                                  src/startup_stm32f0xx.o
SYSCFG_BreakConfig                                Libraries/STM32F0xx_StdPeriph_Driver/src/stm32f0xx_syscfg.o
SYSCFG_ClearFlag                                  Libraries/STM32F0xx_StdPeriph_Driver/src/stm32f0xx_syscfg.o
SYSCFG_DMAChannelRemapConfig                      Libraries/STM32F0xx_StdPeriph_Driver/src/stm32f0xx_syscfg.o
SYSCFG_DeInit                                     Libraries/STM32F0xx_StdPeriph_Driver/src/stm32f0xx_syscfg.o
SYSCFG_EXTILineConfig                             Libraries/STM32F0xx_StdPeriph_Driver/src/stm32f0xx_syscfg.o
                                                  Utilities/STM32F0-Discovery/stm32f0_discovery.o
SYSCFG_GetFlagStatus                              Libraries/STM32F0xx_StdPeriph_Driver/src/stm32f0xx_syscfg.o
SYSCFG_I2CFastModePlusConfig                      Libraries/STM32F0xx_StdPeriph_Driver/src/stm32f0xx_syscfg.o
SYSCFG_MemoryRemapConfig                          Libraries/STM32F0xx_StdPeriph_Driver/src/stm32f0xx_syscfg.o
SysTick_CLKSourceConfig                           Libraries/STM32F0xx_StdPeriph_Driver/src/stm32f0xx_misc.o
SysTick_Handler                                   src/stm32f0xx_it.o
                                                  src/startup_stm32f0xx.o
SystemCoreClock                                   src/system_stm32f0xx.o
SystemCoreClockUpdate                             src/system_stm32f0xx.o
SystemInit                                        src/system_stm32f0xx.o
                                                  src/startup_stm32f0xx.o
TIM14_IRQHandler                                  src/startup_stm32f0xx.o
TIM15_IRQHandler                                  src/startup_stm32f0xx.o
TIM16_IRQHandler                                  src/startup_stm32f0xx.o
TIM17_IRQHandler                                  src/startup_stm32f0xx.o
TIM1_BRK_UP_TRG_COM_IRQHandler                    src/startup_stm32f0xx.o
TIM1_CC_IRQHandler                                src/startup_stm32f0xx.o
TIM2_IRQHandler                                   src/startup_stm32f0xx.o
TIM3_IRQHandler                                   src/startup_stm32f0xx.o
TIM6_DAC_IRQHandler                               src/startup_stm32f0xx.o
TIM_ARRPreloadConfig                              Libraries/STM32F0xx_StdPeriph_Driver/src/stm32f0xx_tim.o
TIM_BDTRConfig                                    Libraries/STM32F0xx_StdPeriph_Driver/src/stm32f0xx_tim.o
TIM_BDTRStructInit                                Libraries/STM32F0xx_StdPeriph_Driver/src/stm32f0xx_tim.o
TIM_CCPreloadControl                              Libraries/STM32F0xx_StdPeriph_Driver/src/stm32f0xx_tim.o
TIM_CCxCmd                                        Libraries/STM32F0xx_StdPeriph_Driver/src/stm32f0xx_tim.o
TIM_CCxNCmd                                       Libraries/STM32F0xx_StdPeriph_Driver/src/stm32f0xx_tim.o
TIM_ClearFlag                                     Libraries/STM32F0xx_StdPeriph_Driver/src/stm32f0xx_tim.o
TIM_ClearITPendingBit                             Libraries/STM32F0xx_StdPeriph_Driver/src/stm32f0xx_tim.o
TIM_ClearOC1Ref                                   Libraries/STM32F0xx_StdPeriph_Driver/src/stm32f0xx_tim.o
TIM_ClearOC2Ref                                   Libraries/STM32F0xx_StdPeriph_Driver/src/stm32f0xx_tim.o
TIM_ClearOC3Ref                                   Libraries/STM32F0xx_StdPeriph_Driver/src/stm32f0xx_tim.o
TIM_ClearOC4Ref                                   Libraries/STM32F0xx_StdPeriph_Driver/src/stm32f0xx_tim.o
TIM_Cmd                                           Libraries/STM32F0xx_StdPeriph_Driver/src/stm32f0xx_tim.o
TIM_CounterModeConfig                             Libraries/STM32F0xx_StdPeriph_Driver/src/stm32f0xx_tim.o
TIM_CtrlPWMOutputs                                Libraries/STM32F0xx_StdPeriph_Driver/src/stm32f0xx_tim.o
TIM_DMACmd                                        Libraries/STM32F0xx_StdPeriph_Driver/src/stm32f0xx_tim.o
TIM_DMAConfig                                     Libraries/STM32F0xx_StdPeriph_Driver/src/stm32f0xx_tim.o
TIM_DeInit                                        Libraries/STM32F0xx_StdPeriph_Driver/src/stm32f0xx_tim.o
TIM_ETRClockMode1Config                           Libraries/STM32F0xx_StdPeriph_Driver/src/stm32f0xx_tim.o
TIM_ETRClockMode2Config                           Libraries/STM32F0xx_StdPeriph_Driver/src/stm32f0xx_tim.o
TIM_ETRConfig                                     Libraries/STM32F0xx_StdPeriph_Driver/src/stm32f0xx_tim.o
TIM_EncoderInterfaceConfig                        Libraries/STM32F0xx_StdPeriph_Driver/src/stm32f0xx_tim.o
TIM_ForcedOC1Config                               Libraries/STM32F0xx_StdPeriph_Driver/src/stm32f0xx_tim.o
TIM_ForcedOC2Config                               Libraries/STM32F0xx_StdPeriph_Driver/src/stm32f0xx_tim.o
TIM_ForcedOC3Config                               Libraries/STM32F0xx_StdPeriph_Driver/src/stm32f0xx_tim.o
TIM_ForcedOC4Config                               Libraries/STM32F0xx_StdPeriph_Driver/src/stm32f0xx_tim.o
TIM_GenerateEvent                                 Libraries/STM32F0xx_StdPeriph_Driver/src/stm32f0xx_tim.o
TIM_GetCapture1                                   Libraries/STM32F0xx_StdPeriph_Driver/src/stm32f0xx_tim.o
TIM_GetCapture2                                   Libraries/STM32F0xx_StdPeriph_Driver/src/stm32f0xx_tim.o
TIM_GetCapture3                                   Libraries/STM32F0xx_StdPeriph_Driver/src/stm32f0xx_tim.o
TIM_GetCapture4                                   Libraries/STM32F0xx_StdPeriph_Driver/src/stm32f0xx_tim.o
TIM_GetCounter                                    Libraries/STM32F0xx_StdPeriph_Driver/src/stm32f0xx_tim.o
TIM_GetFlagStatus                                 Libraries/STM32F0xx_StdPeriph_Driver/src/stm32f0xx_tim.o
TIM_GetITStatus                                   Libraries/STM32F0xx_StdPeriph_Driver/src/stm32f0xx_tim.o
TIM_GetPrescaler                                  Libraries/STM32F0xx_StdPeriph_Driver/src/stm32f0xx_tim.o
TIM_ICInit                                        Libraries/STM32F0xx_StdPeriph_Driver/src/stm32f0xx_tim.o
TIM_ICStructInit                                  Libraries/STM32F0xx_StdPeriph_Driver/src/stm32f0xx_tim.o
TIM_ITConfig                                      Libraries/STM32F0xx_StdPeriph_Driver/src/stm32f0xx_tim.o
TIM_ITRxExternalClockConfig                       Libraries/STM32F0xx_StdPeriph_Driver/src/stm32f0xx_tim.o
TIM_InternalClockConfig                           Libraries/STM32F0xx_StdPeriph_Driver/src/stm32f0xx_tim.o
TIM_OC1FastConfig                                 Libraries/STM32F0xx_StdPeriph_Driver/src/stm32f0xx_tim.o
TIM_OC1Init                                       Libraries/STM32F0xx_StdPeriph_Driver/src/stm32f0xx_tim.o
TIM_OC1NPolarityConfig                            Libraries/STM32F0xx_StdPeriph_Driver/src/stm32f0xx_tim.o
TIM_OC1PolarityConfig                             Libraries/STM32F0xx_StdPeriph_Driver/src/stm32f0xx_tim.o
TIM_OC1PreloadConfig                              Libraries/STM32F0xx_StdPeriph_Driver/src/stm32f0xx_tim.o
TIM_OC2FastConfig                                 Libraries/STM32F0xx_StdPeriph_Driver/src/stm32f0xx_tim.o
TIM_OC2Init                                       Libraries/STM32F0xx_StdPeriph_Driver/src/stm32f0xx_tim.o
TIM_OC2NPolarityConfig                            Libraries/STM32F0xx_StdPeriph_Driver/src/stm32f0xx_tim.o
TIM_OC2PolarityConfig                             Libraries/STM32F0xx_StdPeriph_Driver/src/stm32f0xx_tim.o
TIM_OC2PreloadConfig                              Libraries/STM32F0xx_StdPeriph_Driver/src/stm32f0xx_tim.o
TIM_OC3FastConfig                                 Libraries/STM32F0xx_StdPeriph_Driver/src/stm32f0xx_tim.o
TIM_OC3Init                                       Libraries/STM32F0xx_StdPeriph_Driver/src/stm32f0xx_tim.o
TIM_OC3NPolarityConfig                            Libraries/STM32F0xx_StdPeriph_Driver/src/stm32f0xx_tim.o
TIM_OC3PolarityConfig                             Libraries/STM32F0xx_StdPeriph_Driver/src/stm32f0xx_tim.o
TIM_OC3PreloadConfig                              Libraries/STM32F0xx_StdPeriph_Driver/src/stm32f0xx_tim.o
TIM_OC4FastConfig                                 Libraries/STM32F0xx_StdPeriph_Driver/src/stm32f0xx_tim.o
TIM_OC4Init                                       Libraries/STM32F0xx_StdPeriph_Driver/src/stm32f0xx_tim.o
TIM_OC4PolarityConfig                             Libraries/STM32F0xx_StdPeriph_Driver/src/stm32f0xx_tim.o
TIM_OC4PreloadConfig                              Libraries/STM32F0xx_StdPeriph_Driver/src/stm32f0xx_tim.o
TIM_OCStructInit                                  Libraries/STM32F0xx_StdPeriph_Driver/src/stm32f0xx_tim.o
TIM_PWMIConfig                                    Libraries/STM32F0xx_StdPeriph_Driver/src/stm32f0xx_tim.o
TIM_PrescalerConfig                               Libraries/STM32F0xx_StdPeriph_Driver/src/stm32f0xx_tim.o
TIM_RemapConfig                                   Libraries/STM32F0xx_StdPeriph_Driver/src/stm32f0xx_tim.o
TIM_SelectCCDMA                                   Libraries/STM32F0xx_StdPeriph_Driver/src/stm32f0xx_tim.o
TIM_SelectCOM                                     Libraries/STM32F0xx_StdPeriph_Driver/src/stm32f0xx_tim.o
TIM_SelectHallSensor                              Libraries/STM32F0xx_StdPeriph_Driver/src/stm32f0xx_tim.o
TIM_SelectInputTrigger                            Libraries/STM32F0xx_StdPeriph_Driver/src/stm32f0xx_tim.o
TIM_SelectMasterSlaveMode                         Libraries/STM32F0xx_StdPeriph_Driver/src/stm32f0xx_tim.o
TIM_SelectOCREFClear                              Libraries/STM32F0xx_StdPeriph_Driver/src/stm32f0xx_tim.o
TIM_SelectOCxM                                    Libraries/STM32F0xx_StdPeriph_Driver/src/stm32f0xx_tim.o
TIM_SelectOnePulseMode                            Libraries/STM32F0xx_StdPeriph_Driver/src/stm32f0xx_tim.o
TIM_SelectOutputTrigger                           Libraries/STM32F0xx_StdPeriph_Driver/src/stm32f0xx_tim.o
TIM_SelectSlaveMode                               Libraries/STM32F0xx_StdPeriph_Driver/src/stm32f0xx_tim.o
TIM_SetAutoreload                                 Libraries/STM32F0xx_StdPeriph_Driver/src/stm32f0xx_tim.o
TIM_SetClockDivision                              Libraries/STM32F0xx_StdPeriph_Driver/src/stm32f0xx_tim.o
TIM_SetCompare1                                   Libraries/STM32F0xx_StdPeriph_Driver/src/stm32f0xx_tim.o
TIM_SetCompare2                                   Libraries/STM32F0xx_StdPeriph_Driver/src/stm32f0xx_tim.o
TIM_SetCompare3                                   Libraries/STM32F0xx_StdPeriph_Driver/src/stm32f0xx_tim.o
TIM_SetCompare4                                   Libraries/STM32F0xx_StdPeriph_Driver/src/stm32f0xx_tim.o
TIM_SetCounter                                    Libraries/STM32F0xx_StdPeriph_Driver/src/stm32f0xx_tim.o
TIM_SetIC1Prescaler                               Libraries/STM32F0xx_StdPeriph_Driver/src/stm32f0xx_tim.o
TIM_SetIC2Prescaler                               Libraries/STM32F0xx_StdPeriph_Driver/src/stm32f0xx_tim.o
TIM_SetIC3Prescaler                               Libraries/STM32F0xx_StdPeriph_Driver/src/stm32f0xx_tim.o
TIM_SetIC4Prescaler                               Libraries/STM32F0xx_StdPeriph_Driver/src/stm32f0xx_tim.o
TIM_TIxExternalClockConfig                        Libraries/STM32F0xx_StdPeriph_Driver/src/stm32f0xx_tim.o
TIM_TimeBaseInit                                  Libraries/STM32F0xx_StdPeriph_Driver/src/stm32f0xx_tim.o
TIM_TimeBaseStructInit                            Libraries/STM32F0xx_StdPeriph_Driver/src/stm32f0xx_tim.o
TIM_UpdateDisableConfig                           Libraries/STM32F0xx_StdPeriph_Driver/src/stm32f0xx_tim.o
TIM_UpdateRequestConfig                           Libraries/STM32F0xx_StdPeriph_Driver/src/stm32f0xx_tim.o
TS_IRQHandler                                     src/startup_stm32f0xx.o
USART1_IRQHandler                                 src/startup_stm32f0xx.o
USART2_IRQHandler                                 src/startup_stm32f0xx.o
USART_AddressDetectionConfig                      Libraries/STM32F0xx_StdPeriph_Driver/src/stm32f0xx_usart.o
USART_AutoBaudRateCmd                             Libraries/STM32F0xx_StdPeriph_Driver/src/stm32f0xx_usart.o
USART_AutoBaudRateConfig                          Libraries/STM32F0xx_StdPeriph_Driver/src/stm32f0xx_usart.o
USART_ClearFlag                                   Libraries/STM32F0xx_StdPeriph_Driver/src/stm32f0xx_usart.o
USART_ClearITPendingBit                           Libraries/STM32F0xx_StdPeriph_Driver/src/stm32f0xx_usart.o
USART_ClockInit                                   Libraries/STM32F0xx_StdPeriph_Driver/src/stm32f0xx_usart.o
USART_ClockStructInit                             Libraries/STM32F0xx_StdPeriph_Driver/src/stm32f0xx_usart.o
USART_Cmd                                         Libraries/STM32F0xx_StdPeriph_Driver/src/stm32f0xx_usart.o
USART_DECmd                                       Libraries/STM32F0xx_StdPeriph_Driver/src/stm32f0xx_usart.o
USART_DEPolarityConfig                            Libraries/STM32F0xx_StdPeriph_Driver/src/stm32f0xx_usart.o
USART_DMACmd                                      Libraries/STM32F0xx_StdPeriph_Driver/src/stm32f0xx_usart.o
USART_DMAReceptionErrorConfig                     Libraries/STM32F0xx_StdPeriph_Driver/src/stm32f0xx_usart.o
USART_DataInvCmd                                  Libraries/STM32F0xx_StdPeriph_Driver/src/stm32f0xx_usart.o
USART_DeInit                                      Libraries/STM32F0xx_StdPeriph_Driver/src/stm32f0xx_usart.o
USART_DirectionModeCmd                            Libraries/STM32F0xx_StdPeriph_Driver/src/stm32f0xx_usart.o
USART_GetFlagStatus                               Libraries/STM32F0xx_StdPeriph_Driver/src/stm32f0xx_usart.o
USART_GetITStatus                                 Libraries/STM32F0xx_StdPeriph_Driver/src/stm32f0xx_usart.o
USART_HalfDuplexCmd                               Libraries/STM32F0xx_StdPeriph_Driver/src/stm32f0xx_usart.o
USART_ITConfig                                    Libraries/STM32F0xx_StdPeriph_Driver/src/stm32f0xx_usart.o
USART_Init                                        Libraries/STM32F0xx_StdPeriph_Driver/src/stm32f0xx_usart.o
USART_InvPinCmd                                   Libraries/STM32F0xx_StdPeriph_Driver/src/stm32f0xx_usart.o
USART_IrDACmd                                     Libraries/STM32F0xx_StdPeriph_Driver/src/stm32f0xx_usart.o
USART_IrDAConfig                                  Libraries/STM32F0xx_StdPeriph_Driver/src/stm32f0xx_usart.o
USART_LINBreakDetectLengthConfig                  Libraries/STM32F0xx_StdPeriph_Driver/src/stm32f0xx_usart.o
USART_LINCmd                                      Libraries/STM32F0xx_StdPeriph_Driver/src/stm32f0xx_usart.o
USART_MSBFirstCmd                                 Libraries/STM32F0xx_StdPeriph_Driver/src/stm32f0xx_usart.o
USART_MuteModeCmd                                 Libraries/STM32F0xx_StdPeriph_Driver/src/stm32f0xx_usart.o
USART_MuteModeWakeUpConfig                        Libraries/STM32F0xx_StdPeriph_Driver/src/stm32f0xx_usart.o
USART_OneBitMethodCmd                             Libraries/STM32F0xx_StdPeriph_Driver/src/stm32f0xx_usart.o
USART_OverSampling8Cmd                            Libraries/STM32F0xx_StdPeriph_Driver/src/stm32f0xx_usart.o
USART_OverrunDetectionConfig                      Libraries/STM32F0xx_StdPeriph_Driver/src/stm32f0xx_usart.o
USART_ReceiveData                                 Libraries/STM32F0xx_StdPeriph_Driver/src/stm32f0xx_usart.o
USART_ReceiverTimeOutCmd                          Libraries/STM32F0xx_StdPeriph_Driver/src/stm32f0xx_usart.o
USART_RequestCmd                                  Libraries/STM32F0xx_StdPeriph_Driver/src/stm32f0xx_usart.o
USART_STOPModeCmd                                 Libraries/STM32F0xx_StdPeriph_Driver/src/stm32f0xx_usart.o
USART_SWAPPinCmd                                  Libraries/STM32F0xx_StdPeriph_Driver/src/stm32f0xx_usart.o
USART_SendData                                    Libraries/STM32F0xx_StdPeriph_Driver/src/stm32f0xx_usart.o
USART_SetAddress                                  Libraries/STM32F0xx_StdPeriph_Driver/src/stm32f0xx_usart.o
USART_SetAutoRetryCount                           Libraries/STM32F0xx_StdPeriph_Driver/src/stm32f0xx_usart.o
USART_SetBlockLength                              Libraries/STM32F0xx_StdPeriph_Driver/src/stm32f0xx_usart.o
USART_SetDEAssertionTime                          Libraries/STM32F0xx_StdPeriph_Driver/src/stm32f0xx_usart.o
USART_SetDEDeassertionTime                        Libraries/STM32F0xx_StdPeriph_Driver/src/stm32f0xx_usart.o
USART_SetGuardTime                                Libraries/STM32F0xx_StdPeriph_Driver/src/stm32f0xx_usart.o
USART_SetPrescaler                                Libraries/STM32F0xx_StdPeriph_Driver/src/stm32f0xx_usart.o
USART_SetReceiverTimeOut                          Libraries/STM32F0xx_StdPeriph_Driver/src/stm32f0xx_usart.o
USART_SmartCardCmd                                Libraries/STM32F0xx_StdPeriph_Driver/src/stm32f0xx_usart.o
USART_SmartCardNACKCmd                            Libraries/STM32F0xx_StdPeriph_Driver/src/stm32f0xx_usart.o
USART_StopModeWakeUpSourceConfig                  Libraries/STM32F0xx_StdPeriph_Driver/src/stm32f0xx_usart.o
USART_StructInit                                  Libraries/STM32F0xx_StdPeriph_Driver/src/stm32f0xx_usart.o
WWDG_ClearFlag                                    Libraries/STM32F0xx_StdPeriph_Driver/src/stm32f0xx_wwdg.o
WWDG_DeInit                                       Libraries/STM32F0xx_StdPeriph_Driver/src/stm32f0xx_wwdg.o
WWDG_Enable                                       Libraries/STM32F0xx_StdPeriph_Driver/src/stm32f0xx_wwdg.o
WWDG_EnableIT                                     Libraries/STM32F0xx_StdPeriph_Driver/src/stm32f0xx_wwdg.o
WWDG_GetFlagStatus                                Libraries/STM32F0xx_StdPeriph_Driver/src/stm32f0xx_wwdg.o
WWDG_IRQHandler                                   src/startup_stm32f0xx.o
WWDG_SetCounter                                   Libraries/STM32F0xx_StdPeriph_Driver/src/stm32f0xx_wwdg.o
WWDG_SetPrescaler                                 Libraries/STM32F0xx_StdPeriph_Driver/src/stm32f0xx_wwdg.o
WWDG_SetWindowValue                               Libraries/STM32F0xx_StdPeriph_Driver/src/stm32f0xx_wwdg.o
__aeabi_idiv                                      /opt/Atollic_TrueSTUDIO_for_STM32_x86_64_9.3.0/ARMTools/bin/../lib/gcc/arm-atollic-eabi/6.3.1/armv6-m/libgcc.a(_divsi3.o)
                                                  src/tiny_printf.o
__aeabi_idiv0                                     /opt/Atollic_TrueSTUDIO_for_STM32_x86_64_9.3.0/ARMTools/bin/../lib/gcc/arm-atollic-eabi/6.3.1/armv6-m/libgcc.a(_dvmd_tls.o)
                                                  /opt/Atollic_TrueSTUDIO_for_STM32_x86_64_9.3.0/ARMTools/bin/../lib/gcc/arm-atollic-eabi/6.3.1/armv6-m/libgcc.a(_divsi3.o)
                                                  /opt/Atollic_TrueSTUDIO_for_STM32_x86_64_9.3.0/ARMTools/bin/../lib/gcc/arm-atollic-eabi/6.3.1/armv6-m/libgcc.a(_udivsi3.o)
__aeabi_idivmod                                   /opt/Atollic_TrueSTUDIO_for_STM32_x86_64_9.3.0/ARMTools/bin/../lib/gcc/arm-atollic-eabi/6.3.1/armv6-m/libgcc.a(_divsi3.o)
__aeabi_ldiv0                                     /opt/Atollic_TrueSTUDIO_for_STM32_x86_64_9.3.0/ARMTools/bin/../lib/gcc/arm-atollic-eabi/6.3.1/armv6-m/libgcc.a(_dvmd_tls.o)
__aeabi_uidiv                                     /opt/Atollic_TrueSTUDIO_for_STM32_x86_64_9.3.0/ARMTools/bin/../lib/gcc/arm-atollic-eabi/6.3.1/armv6-m/libgcc.a(_udivsi3.o)
                                                  src/tiny_printf.o
                                                  src/system_stm32f0xx.o
                                                  Libraries/STM32F0xx_StdPeriph_Driver/src/stm32f0xx_usart.o
                                                  Libraries/STM32F0xx_StdPeriph_Driver/src/stm32f0xx_spi.o
                                                  Libraries/STM32F0xx_StdPeriph_Driver/src/stm32f0xx_rcc.o
__aeabi_uidivmod                                  /opt/Atollic_TrueSTUDIO_for_STM32_x86_64_9.3.0/ARMTools/bin/../lib/gcc/arm-atollic-eabi/6.3.1/armv6-m/libgcc.a(_udivsi3.o)
                                                  src/tiny_printf.o
                                                  Libraries/STM32F0xx_StdPeriph_Driver/src/stm32f0xx_usart.o
__deregister_frame_info                           /opt/Atollic_TrueSTUDIO_for_STM32_x86_64_9.3.0/ARMTools/bin/../lib/gcc/arm-atollic-eabi/6.3.1/armv6-m/crtbegin.o
__divsi3                                          /opt/Atollic_TrueSTUDIO_for_STM32_x86_64_9.3.0/ARMTools/bin/../lib/gcc/arm-atollic-eabi/6.3.1/armv6-m/libgcc.a(_divsi3.o)
__dso_handle                                      /opt/Atollic_TrueSTUDIO_for_STM32_x86_64_9.3.0/ARMTools/bin/../lib/gcc/arm-atollic-eabi/6.3.1/armv6-m/crtbegin.o
__env                                             src/syscalls.o
__init_array_end                                  /opt/Atollic_TrueSTUDIO_for_STM32_x86_64_9.3.0/ARMTools/bin/../lib/gcc/arm-atollic-eabi/6.3.1/../../../../arm-atollic-eabi/lib/armv6-m/libc_nano.a(lib_a-init.o)
__init_array_start                                /opt/Atollic_TrueSTUDIO_for_STM32_x86_64_9.3.0/ARMTools/bin/../lib/gcc/arm-atollic-eabi/6.3.1/../../../../arm-atollic-eabi/lib/armv6-m/libc_nano.a(lib_a-init.o)
__libc_init_array                                 /opt/Atollic_TrueSTUDIO_for_STM32_x86_64_9.3.0/ARMTools/bin/../lib/gcc/arm-atollic-eabi/6.3.1/../../../../arm-atollic-eabi/lib/armv6-m/libc_nano.a(lib_a-init.o)
                                                  src/startup_stm32f0xx.o
__malloc_free_list                                /opt/Atollic_TrueSTUDIO_for_STM32_x86_64_9.3.0/ARMTools/bin/../lib/gcc/arm-atollic-eabi/6.3.1/../../../../arm-atollic-eabi/lib/armv6-m/libc_nano.a(lib_a-nano-mallocr.o)
                                                  /opt/Atollic_TrueSTUDIO_for_STM32_x86_64_9.3.0/ARMTools/bin/../lib/gcc/arm-atollic-eabi/6.3.1/../../../../arm-atollic-eabi/lib/armv6-m/libc_nano.a(lib_a-nano-freer.o)
__malloc_lock                                     /opt/Atollic_TrueSTUDIO_for_STM32_x86_64_9.3.0/ARMTools/bin/../lib/gcc/arm-atollic-eabi/6.3.1/../../../../arm-atollic-eabi/lib/armv6-m/libc_nano.a(lib_a-mlock.o)
                                                  /opt/Atollic_TrueSTUDIO_for_STM32_x86_64_9.3.0/ARMTools/bin/../lib/gcc/arm-atollic-eabi/6.3.1/../../../../arm-atollic-eabi/lib/armv6-m/libc_nano.a(lib_a-nano-mallocr.o)
                                                  /opt/Atollic_TrueSTUDIO_for_STM32_x86_64_9.3.0/ARMTools/bin/../lib/gcc/arm-atollic-eabi/6.3.1/../../../../arm-atollic-eabi/lib/armv6-m/libc_nano.a(lib_a-nano-freer.o)
__malloc_sbrk_start                               /opt/Atollic_TrueSTUDIO_for_STM32_x86_64_9.3.0/ARMTools/bin/../lib/gcc/arm-atollic-eabi/6.3.1/../../../../arm-atollic-eabi/lib/armv6-m/libc_nano.a(lib_a-nano-mallocr.o)
__malloc_unlock                                   /opt/Atollic_TrueSTUDIO_for_STM32_x86_64_9.3.0/ARMTools/bin/../lib/gcc/arm-atollic-eabi/6.3.1/../../../../arm-atollic-eabi/lib/armv6-m/libc_nano.a(lib_a-mlock.o)
                                                  /opt/Atollic_TrueSTUDIO_for_STM32_x86_64_9.3.0/ARMTools/bin/../lib/gcc/arm-atollic-eabi/6.3.1/../../../../arm-atollic-eabi/lib/armv6-m/libc_nano.a(lib_a-nano-mallocr.o)
                                                  /opt/Atollic_TrueSTUDIO_for_STM32_x86_64_9.3.0/ARMTools/bin/../lib/gcc/arm-atollic-eabi/6.3.1/../../../../arm-atollic-eabi/lib/armv6-m/libc_nano.a(lib_a-nano-freer.o)
__preinit_array_end                               /opt/Atollic_TrueSTUDIO_for_STM32_x86_64_9.3.0/ARMTools/bin/../lib/gcc/arm-atollic-eabi/6.3.1/../../../../arm-atollic-eabi/lib/armv6-m/libc_nano.a(lib_a-init.o)
__preinit_array_start                             /opt/Atollic_TrueSTUDIO_for_STM32_x86_64_9.3.0/ARMTools/bin/../lib/gcc/arm-atollic-eabi/6.3.1/../../../../arm-atollic-eabi/lib/armv6-m/libc_nano.a(lib_a-init.o)
__register_frame_info                             /opt/Atollic_TrueSTUDIO_for_STM32_x86_64_9.3.0/ARMTools/bin/../lib/gcc/arm-atollic-eabi/6.3.1/armv6-m/crtbegin.o
__sf_fake_stderr                                  /opt/Atollic_TrueSTUDIO_for_STM32_x86_64_9.3.0/ARMTools/bin/../lib/gcc/arm-atollic-eabi/6.3.1/../../../../arm-atollic-eabi/lib/armv6-m/libc_nano.a(lib_a-impure.o)
__sf_fake_stdin                                   /opt/Atollic_TrueSTUDIO_for_STM32_x86_64_9.3.0/ARMTools/bin/../lib/gcc/arm-atollic-eabi/6.3.1/../../../../arm-atollic-eabi/lib/armv6-m/libc_nano.a(lib_a-impure.o)
__sf_fake_stdout                                  /opt/Atollic_TrueSTUDIO_for_STM32_x86_64_9.3.0/ARMTools/bin/../lib/gcc/arm-atollic-eabi/6.3.1/../../../../arm-atollic-eabi/lib/armv6-m/libc_nano.a(lib_a-impure.o)
__udivsi3                                         /opt/Atollic_TrueSTUDIO_for_STM32_x86_64_9.3.0/ARMTools/bin/../lib/gcc/arm-atollic-eabi/6.3.1/armv6-m/libgcc.a(_udivsi3.o)
_close                                            src/syscalls.o
_ebss                                             src/startup_stm32f0xx.o
_edata                                            src/startup_stm32f0xx.o
_estack                                           src/startup_stm32f0xx.o
_execve                                           src/syscalls.o
_exit                                             src/syscalls.o
_fini                                             /opt/Atollic_TrueSTUDIO_for_STM32_x86_64_9.3.0/ARMTools/bin/../lib/gcc/arm-atollic-eabi/6.3.1/armv6-m/crti.o
_fork                                             src/syscalls.o
_free_r                                           /opt/Atollic_TrueSTUDIO_for_STM32_x86_64_9.3.0/ARMTools/bin/../lib/gcc/arm-atollic-eabi/6.3.1/../../../../arm-atollic-eabi/lib/armv6-m/libc_nano.a(lib_a-nano-freer.o)
                                                  /opt/Atollic_TrueSTUDIO_for_STM32_x86_64_9.3.0/ARMTools/bin/../lib/gcc/arm-atollic-eabi/6.3.1/../../../../arm-atollic-eabi/lib/armv6-m/libc_nano.a(lib_a-reent.o)
_fstat                                            src/syscalls.o
_getpid                                           src/syscalls.o
_global_impure_ptr                                /opt/Atollic_TrueSTUDIO_for_STM32_x86_64_9.3.0/ARMTools/bin/../lib/gcc/arm-atollic-eabi/6.3.1/../../../../arm-atollic-eabi/lib/armv6-m/libc_nano.a(lib_a-impure.o)
_impure_ptr                                       /opt/Atollic_TrueSTUDIO_for_STM32_x86_64_9.3.0/ARMTools/bin/../lib/gcc/arm-atollic-eabi/6.3.1/../../../../arm-atollic-eabi/lib/armv6-m/libc_nano.a(lib_a-impure.o)
                                                  /opt/Atollic_TrueSTUDIO_for_STM32_x86_64_9.3.0/ARMTools/bin/../lib/gcc/arm-atollic-eabi/6.3.1/../../../../arm-atollic-eabi/lib/armv6-m/libc_nano.a(lib_a-reent.o)
_init                                             /opt/Atollic_TrueSTUDIO_for_STM32_x86_64_9.3.0/ARMTools/bin/../lib/gcc/arm-atollic-eabi/6.3.1/armv6-m/crti.o
                                                  /opt/Atollic_TrueSTUDIO_for_STM32_x86_64_9.3.0/ARMTools/bin/../lib/gcc/arm-atollic-eabi/6.3.1/../../../../arm-atollic-eabi/lib/armv6-m/libc_nano.a(lib_a-init.o)
_isatty                                           src/syscalls.o
_kill                                             src/syscalls.o
_link                                             src/syscalls.o
_lseek                                            src/syscalls.o
_malloc_r                                         /opt/Atollic_TrueSTUDIO_for_STM32_x86_64_9.3.0/ARMTools/bin/../lib/gcc/arm-atollic-eabi/6.3.1/../../../../arm-atollic-eabi/lib/armv6-m/libc_nano.a(lib_a-nano-mallocr.o)
_open                                             src/syscalls.o
_read                                             src/syscalls.o
_reclaim_reent                                    /opt/Atollic_TrueSTUDIO_for_STM32_x86_64_9.3.0/ARMTools/bin/../lib/gcc/arm-atollic-eabi/6.3.1/../../../../arm-atollic-eabi/lib/armv6-m/libc_nano.a(lib_a-reent.o)
_sbrk                                             src/syscalls.o
                                                  /opt/Atollic_TrueSTUDIO_for_STM32_x86_64_9.3.0/ARMTools/bin/../lib/gcc/arm-atollic-eabi/6.3.1/../../../../arm-atollic-eabi/lib/armv6-m/libc_nano.a(lib_a-sbrkr.o)
_sbrk_r                                           /opt/Atollic_TrueSTUDIO_for_STM32_x86_64_9.3.0/ARMTools/bin/../lib/gcc/arm-atollic-eabi/6.3.1/../../../../arm-atollic-eabi/lib/armv6-m/libc_nano.a(lib_a-sbrkr.o)
                                                  /opt/Atollic_TrueSTUDIO_for_STM32_x86_64_9.3.0/ARMTools/bin/../lib/gcc/arm-atollic-eabi/6.3.1/../../../../arm-atollic-eabi/lib/armv6-m/libc_nano.a(lib_a-nano-mallocr.o)
_sbss                                             src/startup_stm32f0xx.o
_sdata                                            src/startup_stm32f0xx.o
_sidata                                           src/startup_stm32f0xx.o
_stat                                             src/syscalls.o
_times                                            src/syscalls.o
_unlink                                           src/syscalls.o
_wait                                             src/syscalls.o
_write                                            src/syscalls.o
                                                  src/tiny_printf.o
cleanup_glue                                      /opt/Atollic_TrueSTUDIO_for_STM32_x86_64_9.3.0/ARMTools/bin/../lib/gcc/arm-atollic-eabi/6.3.1/../../../../arm-atollic-eabi/lib/armv6-m/libc_nano.a(lib_a-reent.o)
end                                               src/syscalls.o
environ                                           src/syscalls.o
errno                                             /opt/Atollic_TrueSTUDIO_for_STM32_x86_64_9.3.0/ARMTools/bin/../lib/gcc/arm-atollic-eabi/6.3.1/../../../../arm-atollic-eabi/lib/armv6-m/libc_nano.a(lib_a-reent.o)
                                                  /opt/Atollic_TrueSTUDIO_for_STM32_x86_64_9.3.0/ARMTools/bin/../lib/gcc/arm-atollic-eabi/6.3.1/../../../../arm-atollic-eabi/lib/armv6-m/libc_nano.a(lib_a-sbrkr.o)
                                                  src/syscalls.o
fprintf                                           src/tiny_printf.o
g_pfnVectors                                      src/startup_stm32f0xx.o
initialise_monitor_handles                        src/syscalls.o
main                                              src/main.o
                                                  src/startup_stm32f0xx.o
printf                                            src/tiny_printf.o
sprintf                                           src/tiny_printf.o
ts_formatlength                                   src/tiny_printf.o
ts_formatstring                                   src/tiny_printf.o
ts_itoa                                           src/tiny_printf.o
