stm32f0xx_rtc.c:309:13:RTC_DeInit	16	static
stm32f0xx_rtc.c:370:13:RTC_Init	24	static
stm32f0xx_rtc.c:416:6:RTC_StructInit	16	static
stm32f0xx_rtc.c:438:6:RTC_WriteProtectionCmd	16	static
stm32f0xx_rtc.c:465:13:RTC_EnterInitMode	24	static
stm32f0xx_rtc.c:510:6:RTC_ExitInitMode	8	static
stm32f0xx_rtc.c:532:13:RTC_WaitForSynchro	24	static
stm32f0xx_rtc.c:583:13:RTC_RefClockCmd	24	static
stm32f0xx_rtc.c:631:6:RTC_BypassShadowCmd	16	static
stm32f0xx_rtc.c:685:13:RTC_SetTime	32	static
stm32f0xx_rtc.c:789:6:RTC_TimeStructInit	16	static
stm32f0xx_rtc.c:808:6:RTC_GetTime	24	static
stm32f0xx_rtc.c:841:10:RTC_GetSubSecond	16	static
stm32f0xx_rtc.c:866:13:RTC_SetDate	32	static
stm32f0xx_rtc.c:957:6:RTC_DateStructInit	16	static
stm32f0xx_rtc.c:976:6:RTC_GetDate	24	static
stm32f0xx_rtc.c:1036:6:RTC_SetAlarm	40	static
stm32f0xx_rtc.c:1140:6:RTC_AlarmStructInit	16	static
stm32f0xx_rtc.c:1169:6:RTC_GetAlarm	32	static
stm32f0xx_rtc.c:1215:13:RTC_AlarmCmd	32	static
stm32f0xx_rtc.c:1307:6:RTC_AlarmSubSecondConfig	32	static
stm32f0xx_rtc.c:1339:10:RTC_GetAlarmSubSecond	24	static
stm32f0xx_rtc.c:1381:6:RTC_DayLightSavingConfig	16	static
stm32f0xx_rtc.c:1408:10:RTC_GetStoreOperation	8	static
stm32f0xx_rtc.c:1444:6:RTC_OutputConfig	16	static
stm32f0xx_rtc.c:1486:6:RTC_CalibOutputCmd	16	static
stm32f0xx_rtc.c:1518:6:RTC_CalibOutputConfig	16	static
stm32f0xx_rtc.c:1554:13:RTC_SmoothCalibConfig	32	static
stm32f0xx_rtc.c:1630:6:RTC_TimeStampCmd	24	static
stm32f0xx_rtc.c:1674:6:RTC_GetTimeStamp	32	static
stm32f0xx_rtc.c:1718:10:RTC_GetTimeStampSubSecond	8	static
stm32f0xx_rtc.c:1755:6:RTC_TamperTriggerConfig	16	static
stm32f0xx_rtc.c:1783:6:RTC_TamperCmd	16	static
stm32f0xx_rtc.c:1814:6:RTC_TamperFilterConfig	16	static
stm32f0xx_rtc.c:1848:6:RTC_TamperSamplingFreqConfig	16	static
stm32f0xx_rtc.c:1871:6:RTC_TamperPinsPrechargeDuration	16	static
stm32f0xx_rtc.c:1891:6:RTC_TimeStampOnTamperDetectionCmd	16	static
stm32f0xx_rtc.c:1914:6:RTC_TamperPullUpCmd	16	static
stm32f0xx_rtc.c:1955:6:RTC_WriteBackupRegister	24	static
stm32f0xx_rtc.c:1976:10:RTC_ReadBackupRegister	24	static
stm32f0xx_rtc.c:2016:6:RTC_OutputTypeConfig	16	static
stm32f0xx_rtc.c:2054:13:RTC_SynchroShiftConfig	24	static
stm32f0xx_rtc.c:2163:6:RTC_ITConfig	16	static
stm32f0xx_rtc.c:2206:12:RTC_GetFlagStatus	24	static
stm32f0xx_rtc.c:2241:6:RTC_ClearFlag	16	static
stm32f0xx_rtc.c:2260:10:RTC_GetITStatus	32	static
stm32f0xx_rtc.c:2299:6:RTC_ClearITPendingBit	24	static
stm32f0xx_rtc.c:2322:16:RTC_ByteToBcd2	24	static
stm32f0xx_rtc.c:2340:16:RTC_Bcd2ToByte	24	static
